{
    "homo sapiens - test": {
        "content": [
            {
                "bai": [
                    
                ],
                "bam": [
                    [
                        {
                            "id": "test",
                            "single_end": false
                        },
                        "test.fgumi.bam:md5,9bfbd21ebea8ca63427cec8dd13e6063"
                    ]
                ]
            },
            {
                "versions": [
                    [
                        "FGUMI_SNAPZIPSORT",
                        "fgumi",
                        "0.4.0"
                    ],
                    [
                        "FGUMI_SNAPZIPSORT",
                        "snap-aligner",
                        "2.0.5"
                    ]
                ]
            }
        ],
        "timestamp": "2026-07-15T13:19:00.257043127",
        "meta": {
            "nf-test": "0.9.5",
            "nextflow": "26.04.4"
        }
    },
    "homo sapiens - test - stub": {
        "content": [
            {
                "bai": [
                    
                ],
                "bam": [
                    [
                        {
                            "id": "test",
                            "single_end": false
                        },
                        "test.fgumi.bam:md5,d41d8cd98f00b204e9800998ecf8427e"
                    ]
                ]
            },
            {
                "versions": [
                    [
                        "FGUMI_SNAPZIPSORT",
                        "fgumi",
                        "0.4.0"
                    ],
                    [
                        "FGUMI_SNAPZIPSORT",
                        "snap-aligner",
                        "2.0.5"
                    ]
                ]
            }
        ],
        "timestamp": "2026-07-06T13:18:57.541461241",
        "meta": {
            "nf-test": "0.9.5",
            "nextflow": "26.04.4"
        }
    }
}