{
    "homo_sapiens - [fastq1, fastq2]": {
        "content": [
            {
                "bam": [
                    [
                        {
                            "id": "test"
                        },
                        "test.fgumi.unmapped.bam:md5,56e97fb0ff8184c3ecdcdedab6587eef"
                    ]
                ],
                "versions_fgumi": [
                    [
                        "FGUMI_EXTRACTSORT",
                        "fgumi",
                        "0.7.0"
                    ]
                ]
            }
        ],
        "timestamp": "2026-09-16T13:43:31.193483",
        "meta": {
            "nf-test": "0.9.5",
            "nextflow": "26.04.6"
        }
    },
    "homo_sapiens - [fastq1, fastq2] - stub": {
        "content": [
            {
                "bam": [
                    [
                        {
                            "id": "test"
                        },
                        "test.fgumi.unmapped.bam:md5,d41d8cd98f00b204e9800998ecf8427e"
                    ]
                ],
                "versions_fgumi": [
                    [
                        "FGUMI_EXTRACTSORT",
                        "fgumi",
                        "0.7.0"
                    ]
                ]
            }
        ],
        "timestamp": "2026-09-16T13:43:37.727741",
        "meta": {
            "nf-test": "0.9.5",
            "nextflow": "26.04.6"
        }
    }
}