{
    "umi consensus fgumi - stub": {
        "content": [
            {
                "0": [
                    [
                        {
                            "id": "UMI_consensus1",
                            "samplename": "HT1080_chr20",
                            "single_end": false,
                            "sample_type": "DNA",
                            "markdup": "bamsormadup",
                            "fgumi_aware": true,
                            "genome_data": {
                                "fasta": "s3://test-data/genomics/homo_sapiens/genome/seq/GCA_000001405.15_GRCh38_full_plus_hs38d1_analysis_set_chr21.fna",
                                "fai": "s3://test-data/genomics/homo_sapiens/genome/seq/GCA_000001405.15_GRCh38_full_plus_hs38d1_analysis_set_chr21.fna.fai",
                                "dict": "s3://test-data/genomics/homo_sapiens/genome/seq/GCA_000001405.15_GRCh38_full_plus_hs38d1_analysis_set_chr21.dict",
                                "snap": "s3://reference-data/genomes/Hsapiens/GRCh38/snapaligner/"
                            }
                        },
                        "UMI_consensus1.fgumi.filter.sorted.cram:md5,d41d8cd98f00b204e9800998ecf8427e",
                        "UMI_consensus1.fgumi.filter.sorted.cram.crai:md5,d41d8cd98f00b204e9800998ecf8427e"
                    ]
                ],
                "1": [
                    [
                        {
                            "id": "UMI_consensus1",
                            "samplename": "HT1080_chr20",
                            "single_end": false,
                            "sample_type": "DNA",
                            "markdup": "bamsormadup",
                            "fgumi_aware": true,
                            "genome_data": {
                                "fasta": "s3://test-data/genomics/homo_sapiens/genome/seq/GCA_000001405.15_GRCh38_full_plus_hs38d1_analysis_set_chr21.fna",
                                "fai": "s3://test-data/genomics/homo_sapiens/genome/seq/GCA_000001405.15_GRCh38_full_plus_hs38d1_analysis_set_chr21.fna.fai",
                                "dict": "s3://test-data/genomics/homo_sapiens/genome/seq/GCA_000001405.15_GRCh38_full_plus_hs38d1_analysis_set_chr21.dict",
                                "snap": "s3://reference-data/genomes/Hsapiens/GRCh38/snapaligner/"
                            }
                        },
                        "UMI_consensus1.fgumi.group.grouping_metrics.txt:md5,d41d8cd98f00b204e9800998ecf8427e"
                    ]
                ],
                "2": [
                    [
                        {
                            "id": "UMI_consensus1",
                            "samplename": "HT1080_chr20",
                            "single_end": false,
                            "sample_type": "DNA",
                            "markdup": "bamsormadup",
                            "fgumi_aware": true,
                            "genome_data": {
                                "fasta": "s3://test-data/genomics/homo_sapiens/genome/seq/GCA_000001405.15_GRCh38_full_plus_hs38d1_analysis_set_chr21.fna",
                                "fai": "s3://test-data/genomics/homo_sapiens/genome/seq/GCA_000001405.15_GRCh38_full_plus_hs38d1_analysis_set_chr21.fna.fai",
                                "dict": "s3://test-data/genomics/homo_sapiens/genome/seq/GCA_000001405.15_GRCh38_full_plus_hs38d1_analysis_set_chr21.dict",
                                "snap": "s3://reference-data/genomes/Hsapiens/GRCh38/snapaligner/"
                            }
                        },
                        "UMI_consensus1.fgumi.group.grouping_metrics.txt:md5,d41d8cd98f00b204e9800998ecf8427e"
                    ]
                ],
                "3": [
                    [
                        {
                            "id": "UMI_consensus1",
                            "samplename": "HT1080_chr20",
                            "single_end": false,
                            "sample_type": "DNA",
                            "markdup": "bamsormadup",
                            "fgumi_aware": true,
                            "genome_data": {
                                "fasta": "s3://test-data/genomics/homo_sapiens/genome/seq/GCA_000001405.15_GRCh38_full_plus_hs38d1_analysis_set_chr21.fna",
                                "fai": "s3://test-data/genomics/homo_sapiens/genome/seq/GCA_000001405.15_GRCh38_full_plus_hs38d1_analysis_set_chr21.fna.fai",
                                "dict": "s3://test-data/genomics/homo_sapiens/genome/seq/GCA_000001405.15_GRCh38_full_plus_hs38d1_analysis_set_chr21.dict",
                                "snap": "s3://reference-data/genomes/Hsapiens/GRCh38/snapaligner/"
                            }
                        },
                        "UMI_consensus1.fgumi.group.family_size_histogram.txt:md5,d41d8cd98f00b204e9800998ecf8427e"
                    ]
                ],
                "4": [
                    [
                        {
                            "id": "UMI_consensus1",
                            "samplename": "HT1080_chr20",
                            "single_end": false,
                            "sample_type": "DNA",
                            "markdup": "bamsormadup",
                            "fgumi_aware": true,
                            "genome_data": {
                                "fasta": "s3://test-data/genomics/homo_sapiens/genome/seq/GCA_000001405.15_GRCh38_full_plus_hs38d1_analysis_set_chr21.fna",
                                "fai": "s3://test-data/genomics/homo_sapiens/genome/seq/GCA_000001405.15_GRCh38_full_plus_hs38d1_analysis_set_chr21.fna.fai",
                                "dict": "s3://test-data/genomics/homo_sapiens/genome/seq/GCA_000001405.15_GRCh38_full_plus_hs38d1_analysis_set_chr21.dict",
                                "snap": "s3://reference-data/genomes/Hsapiens/GRCh38/snapaligner/"
                            }
                        },
                        "UMI_consensus1.fgumi.simplex.stats.txt:md5,d41d8cd98f00b204e9800998ecf8427e"
                    ]
                ],
                "5": [
                    [
                        {
                            "id": "UMI_consensus1",
                            "samplename": "HT1080_chr20",
                            "single_end": false,
                            "sample_type": "DNA",
                            "markdup": "bamsormadup",
                            "fgumi_aware": true,
                            "genome_data": {
                                "fasta": "s3://test-data/genomics/homo_sapiens/genome/seq/GCA_000001405.15_GRCh38_full_plus_hs38d1_analysis_set_chr21.fna",
                                "fai": "s3://test-data/genomics/homo_sapiens/genome/seq/GCA_000001405.15_GRCh38_full_plus_hs38d1_analysis_set_chr21.fna.fai",
                                "dict": "s3://test-data/genomics/homo_sapiens/genome/seq/GCA_000001405.15_GRCh38_full_plus_hs38d1_analysis_set_chr21.dict",
                                "snap": "s3://reference-data/genomes/Hsapiens/GRCh38/snapaligner/"
                            }
                        },
                        "UMI_consensus1.fgumi.filter.stats.txt:md5,d41d8cd98f00b204e9800998ecf8427e"
                    ]
                ],
                "6": [
                    [
                        {
                            "id": "UMI_consensus1",
                            "samplename": "HT1080_chr20",
                            "single_end": false,
                            "sample_type": "DNA",
                            "markdup": "bamsormadup",
                            "fgumi_aware": true,
                            "genome_data": {
                                "fasta": "s3://test-data/genomics/homo_sapiens/genome/seq/GCA_000001405.15_GRCh38_full_plus_hs38d1_analysis_set_chr21.fna",
                                "fai": "s3://test-data/genomics/homo_sapiens/genome/seq/GCA_000001405.15_GRCh38_full_plus_hs38d1_analysis_set_chr21.fna.fai",
                                "dict": "s3://test-data/genomics/homo_sapiens/genome/seq/GCA_000001405.15_GRCh38_full_plus_hs38d1_analysis_set_chr21.dict",
                                "snap": "s3://reference-data/genomes/Hsapiens/GRCh38/snapaligner/"
                            }
                        },
                        "UMI_consensus1.fgumi.filter.sorted.cram:md5,d41d8cd98f00b204e9800998ecf8427e"
                    ]
                ],
                "consensus_metrics": [
                    [
                        {
                            "id": "UMI_consensus1",
                            "samplename": "HT1080_chr20",
                            "single_end": false,
                            "sample_type": "DNA",
                            "markdup": "bamsormadup",
                            "fgumi_aware": true,
                            "genome_data": {
                                "fasta": "s3://test-data/genomics/homo_sapiens/genome/seq/GCA_000001405.15_GRCh38_full_plus_hs38d1_analysis_set_chr21.fna",
                                "fai": "s3://test-data/genomics/homo_sapiens/genome/seq/GCA_000001405.15_GRCh38_full_plus_hs38d1_analysis_set_chr21.fna.fai",
                                "dict": "s3://test-data/genomics/homo_sapiens/genome/seq/GCA_000001405.15_GRCh38_full_plus_hs38d1_analysis_set_chr21.dict",
                                "snap": "s3://reference-data/genomes/Hsapiens/GRCh38/snapaligner/"
                            }
                        },
                        "UMI_consensus1.fgumi.simplex.stats.txt:md5,d41d8cd98f00b204e9800998ecf8427e"
                    ]
                ],
                "cram_crai": [
                    [
                        {
                            "id": "UMI_consensus1",
                            "samplename": "HT1080_chr20",
                            "single_end": false,
                            "sample_type": "DNA",
                            "markdup": "bamsormadup",
                            "fgumi_aware": true,
                            "genome_data": {
                                "fasta": "s3://test-data/genomics/homo_sapiens/genome/seq/GCA_000001405.15_GRCh38_full_plus_hs38d1_analysis_set_chr21.fna",
                                "fai": "s3://test-data/genomics/homo_sapiens/genome/seq/GCA_000001405.15_GRCh38_full_plus_hs38d1_analysis_set_chr21.fna.fai",
                                "dict": "s3://test-data/genomics/homo_sapiens/genome/seq/GCA_000001405.15_GRCh38_full_plus_hs38d1_analysis_set_chr21.dict",
                                "snap": "s3://reference-data/genomes/Hsapiens/GRCh38/snapaligner/"
                            }
                        },
                        "UMI_consensus1.fgumi.filter.sorted.cram:md5,d41d8cd98f00b204e9800998ecf8427e",
                        "UMI_consensus1.fgumi.filter.sorted.cram.crai:md5,d41d8cd98f00b204e9800998ecf8427e"
                    ]
                ],
                "family_size_histogram": [
                    [
                        {
                            "id": "UMI_consensus1",
                            "samplename": "HT1080_chr20",
                            "single_end": false,
                            "sample_type": "DNA",
                            "markdup": "bamsormadup",
                            "fgumi_aware": true,
                            "genome_data": {
                                "fasta": "s3://test-data/genomics/homo_sapiens/genome/seq/GCA_000001405.15_GRCh38_full_plus_hs38d1_analysis_set_chr21.fna",
                                "fai": "s3://test-data/genomics/homo_sapiens/genome/seq/GCA_000001405.15_GRCh38_full_plus_hs38d1_analysis_set_chr21.fna.fai",
                                "dict": "s3://test-data/genomics/homo_sapiens/genome/seq/GCA_000001405.15_GRCh38_full_plus_hs38d1_analysis_set_chr21.dict",
                                "snap": "s3://reference-data/genomes/Hsapiens/GRCh38/snapaligner/"
                            }
                        },
                        "UMI_consensus1.fgumi.group.family_size_histogram.txt:md5,d41d8cd98f00b204e9800998ecf8427e"
                    ]
                ],
                "filtered_consensus_cram": [
                    [
                        {
                            "id": "UMI_consensus1",
                            "samplename": "HT1080_chr20",
                            "single_end": false,
                            "sample_type": "DNA",
                            "markdup": "bamsormadup",
                            "fgumi_aware": true,
                            "genome_data": {
                                "fasta": "s3://test-data/genomics/homo_sapiens/genome/seq/GCA_000001405.15_GRCh38_full_plus_hs38d1_analysis_set_chr21.fna",
                                "fai": "s3://test-data/genomics/homo_sapiens/genome/seq/GCA_000001405.15_GRCh38_full_plus_hs38d1_analysis_set_chr21.fna.fai",
                                "dict": "s3://test-data/genomics/homo_sapiens/genome/seq/GCA_000001405.15_GRCh38_full_plus_hs38d1_analysis_set_chr21.dict",
                                "snap": "s3://reference-data/genomes/Hsapiens/GRCh38/snapaligner/"
                            }
                        },
                        "UMI_consensus1.fgumi.filter.sorted.cram:md5,d41d8cd98f00b204e9800998ecf8427e"
                    ]
                ],
                "filtering_metrics": [
                    [
                        {
                            "id": "UMI_consensus1",
                            "samplename": "HT1080_chr20",
                            "single_end": false,
                            "sample_type": "DNA",
                            "markdup": "bamsormadup",
                            "fgumi_aware": true,
                            "genome_data": {
                                "fasta": "s3://test-data/genomics/homo_sapiens/genome/seq/GCA_000001405.15_GRCh38_full_plus_hs38d1_analysis_set_chr21.fna",
                                "fai": "s3://test-data/genomics/homo_sapiens/genome/seq/GCA_000001405.15_GRCh38_full_plus_hs38d1_analysis_set_chr21.fna.fai",
                                "dict": "s3://test-data/genomics/homo_sapiens/genome/seq/GCA_000001405.15_GRCh38_full_plus_hs38d1_analysis_set_chr21.dict",
                                "snap": "s3://reference-data/genomes/Hsapiens/GRCh38/snapaligner/"
                            }
                        },
                        "UMI_consensus1.fgumi.filter.stats.txt:md5,d41d8cd98f00b204e9800998ecf8427e"
                    ]
                ],
                "grouping_metrics": [
                    [
                        {
                            "id": "UMI_consensus1",
                            "samplename": "HT1080_chr20",
                            "single_end": false,
                            "sample_type": "DNA",
                            "markdup": "bamsormadup",
                            "fgumi_aware": true,
                            "genome_data": {
                                "fasta": "s3://test-data/genomics/homo_sapiens/genome/seq/GCA_000001405.15_GRCh38_full_plus_hs38d1_analysis_set_chr21.fna",
                                "fai": "s3://test-data/genomics/homo_sapiens/genome/seq/GCA_000001405.15_GRCh38_full_plus_hs38d1_analysis_set_chr21.fna.fai",
                                "dict": "s3://test-data/genomics/homo_sapiens/genome/seq/GCA_000001405.15_GRCh38_full_plus_hs38d1_analysis_set_chr21.dict",
                                "snap": "s3://reference-data/genomes/Hsapiens/GRCh38/snapaligner/"
                            }
                        },
                        "UMI_consensus1.fgumi.group.grouping_metrics.txt:md5,d41d8cd98f00b204e9800998ecf8427e"
                    ]
                ],
                "zipper_diagnostics": [
                    
                ]
            }
        ],
        "meta": {
            "nf-test": "0.9.2",
            "nextflow": "25.10.4"
        },
        "timestamp": "2026-06-19T09:47:14.672939014"
    }
}