{
    "fastq to cram - stub": {
        "content": [
            {
                "align_reports": [
                    
                ],
                "cram_crai": [
                    [
                        {
                            "groupSize": 1,
                            "groupTarget": {
                                "genome_data": {
                                    "fai": "s3://test-data/genomics/homo_sapiens/genome/seq/GCA_000001405.15_GRCh38_full_plus_hs38d1_analysis_set_chr21.fna.fai",
                                    "fasta": "s3://test-data/genomics/homo_sapiens/genome/seq/GCA_000001405.15_GRCh38_full_plus_hs38d1_analysis_set_chr21.fna"
                                },
                                "id": "test",
                                "markdup": "false",
                                "sample_type": "DNA",
                                "samplename": "test",
                                "single_end": false
                            }
                        },
                        "test.merged.cram",
                        "test.merged.cram.crai"
                    ]
                ],
                "rna_junctions": [
                    
                ],
                "rna_splice_junctions": [
                    
                ],
                "sormadup_metrics": [
                    
                ]
            }
        ],
        "timestamp": "2026-02-11T20:19:51.825749",
        "meta": {
            "nf-test": "0.9.3",
            "nextflow": "25.10.4"
        }
    },
    "fastq to cram - bwa - bamsormadup": {
        "content": [
            {
                "align_reports": [
                    
                ],
                "cram_crai": [
                    [
                        {
                            "groupSize": 1,
                            "groupTarget": {
                                "genome_data": {
                                    "fai": "s3://test-data/genomics/homo_sapiens/genome/seq/GCA_000001405.15_GRCh38_full_plus_hs38d1_analysis_set_chr21.fna.fai",
                                    "fasta": "s3://test-data/genomics/homo_sapiens/genome/seq/GCA_000001405.15_GRCh38_full_plus_hs38d1_analysis_set_chr21.fna"
                                },
                                "id": "test",
                                "markdup": "bamsormadup",
                                "sample_type": "DNA",
                                "samplename": "test",
                                "single_end": false
                            }
                        },
                        "test.cram",
                        "test.cram.crai"
                    ]
                ],
                "rna_junctions": [
                    
                ],
                "rna_splice_junctions": [
                    
                ],
                "sormadup_metrics": [
                    [
                        {
                            "groupSize": 1,
                            "groupTarget": {
                                "id": "test",
                                "samplename": "test",
                                "single_end": false,
                                "sample_type": "DNA",
                                "markdup": "bamsormadup",
                                "genome_data": {
                                    "fasta": "s3://test-data/genomics/homo_sapiens/genome/seq/GCA_000001405.15_GRCh38_full_plus_hs38d1_analysis_set_chr21.fna",
                                    "fai": "s3://test-data/genomics/homo_sapiens/genome/seq/GCA_000001405.15_GRCh38_full_plus_hs38d1_analysis_set_chr21.fna.fai"
                                }
                            }
                        },
                        "test.merged.metrics.txt:md5,4ee20f12cb4d6077479a08310c8f6c70"
                    ]
                ]
            }
        ],
        "timestamp": "2026-02-11T20:10:31.616836",
        "meta": {
            "nf-test": "0.9.3",
            "nextflow": "25.10.4"
        }
    },
    "fastq to cram - bwa - samtools sormadup": {
        "content": [
            {
                "align_reports": [
                    
                ],
                "cram_crai": [
                    [
                        {
                            "groupSize": 1,
                            "groupTarget": {
                                "genome_data": {
                                    "fai": "s3://test-data/genomics/homo_sapiens/genome/seq/GCA_000001405.15_GRCh38_full_plus_hs38d1_analysis_set_chr21.fna.fai",
                                    "fasta": "s3://test-data/genomics/homo_sapiens/genome/seq/GCA_000001405.15_GRCh38_full_plus_hs38d1_analysis_set_chr21.fna"
                                },
                                "id": "test",
                                "markdup": "samtools",
                                "sample_type": "DNA",
                                "samplename": "test",
                                "single_end": false
                            }
                        },
                        "test.merged.cram",
                        "test.merged.cram.crai"
                    ]
                ],
                "rna_junctions": [
                    
                ],
                "rna_splice_junctions": [
                    
                ],
                "sormadup_metrics": [
                    [
                        {
                            "groupSize": 1,
                            "groupTarget": {
                                "id": "test",
                                "samplename": "test",
                                "single_end": false,
                                "sample_type": "DNA",
                                "markdup": "samtools",
                                "genome_data": {
                                    "fasta": "s3://test-data/genomics/homo_sapiens/genome/seq/GCA_000001405.15_GRCh38_full_plus_hs38d1_analysis_set_chr21.fna",
                                    "fai": "s3://test-data/genomics/homo_sapiens/genome/seq/GCA_000001405.15_GRCh38_full_plus_hs38d1_analysis_set_chr21.fna.fai"
                                }
                            }
                        },
                        "test.merged.metrics:md5,795c73aa836eb480e418f52db98e37cc"
                    ]
                ]
            }
        ],
        "timestamp": "2026-02-11T20:15:15.495706",
        "meta": {
            "nf-test": "0.9.3",
            "nextflow": "25.10.4"
        }
    },
    "fastq to cram - star - bamsormadup": {
        "content": [
            {
                "align_reports": [
                    
                ],
                "cram_crai": [
                    [
                        {
                            "groupSize": 1,
                            "groupTarget": {
                                "genome_data": {
                                    "fai": "s3://test-data/genomics/homo_sapiens/genome/seq/GCA_000001405.15_GRCh38_full_plus_hs38d1_analysis_set_chr21.fna.fai",
                                    "fasta": "s3://test-data/genomics/homo_sapiens/genome/seq/GCA_000001405.15_GRCh38_full_plus_hs38d1_analysis_set_chr21.fna",
                                    "star": "s3://test-data/genomics/homo_sapiens/genome/star/"
                                },
                                "id": "test",
                                "markdup": "bamsormadup",
                                "sample_type": "RNA",
                                "samplename": "test",
                                "single_end": false
                            }
                        },
                        "test.cram",
                        "test.cram.crai"
                    ]
                ],
                "rna_junctions": [
                    [
                        {
                            "groupSize": 1,
                            "groupTarget": {
                                "genome_data": {
                                    "fai": "s3://test-data/genomics/homo_sapiens/genome/seq/GCA_000001405.15_GRCh38_full_plus_hs38d1_analysis_set_chr21.fna.fai",
                                    "fasta": "s3://test-data/genomics/homo_sapiens/genome/seq/GCA_000001405.15_GRCh38_full_plus_hs38d1_analysis_set_chr21.fna",
                                    "star": "s3://test-data/genomics/homo_sapiens/genome/star/"
                                },
                                "id": "test",
                                "markdup": "bamsormadup",
                                "sample_type": "RNA",
                                "samplename": "test",
                                "single_end": false
                            }
                        },
                        "test.Chimeric.out.junction"
                    ]
                ],
                "rna_splice_junctions": [
                    [
                        {
                            "groupSize": 1,
                            "groupTarget": {
                                "id": "test",
                                "samplename": "test",
                                "single_end": false,
                                "sample_type": "RNA",
                                "markdup": "bamsormadup",
                                "genome_data": {
                                    "fasta": "s3://test-data/genomics/homo_sapiens/genome/seq/GCA_000001405.15_GRCh38_full_plus_hs38d1_analysis_set_chr21.fna",
                                    "fai": "s3://test-data/genomics/homo_sapiens/genome/seq/GCA_000001405.15_GRCh38_full_plus_hs38d1_analysis_set_chr21.fna.fai",
                                    "star": "s3://test-data/genomics/homo_sapiens/genome/star/"
                                }
                            }
                        },
                        "test.SJ.out.tab:md5,15852c5678c04e86dcb66793b7e02bb9"
                    ]
                ],
                "sormadup_metrics": [
                    [
                        {
                            "groupSize": 1,
                            "groupTarget": {
                                "id": "test",
                                "samplename": "test",
                                "single_end": false,
                                "sample_type": "RNA",
                                "markdup": "bamsormadup",
                                "genome_data": {
                                    "fasta": "s3://test-data/genomics/homo_sapiens/genome/seq/GCA_000001405.15_GRCh38_full_plus_hs38d1_analysis_set_chr21.fna",
                                    "fai": "s3://test-data/genomics/homo_sapiens/genome/seq/GCA_000001405.15_GRCh38_full_plus_hs38d1_analysis_set_chr21.fna.fai",
                                    "star": "s3://test-data/genomics/homo_sapiens/genome/star/"
                                }
                            }
                        },
                        "test.merged.metrics.txt:md5,641527401576375d7c0b0b54fbaf63ab"
                    ]
                ]
            }
        ],
        "timestamp": "2026-05-14T08:18:36.857986",
        "meta": {
            "nf-test": "0.9.5",
            "nextflow": "26.04.1"
        }
    },
    "fastq to cram - bwa - samtools sort": {
        "content": [
            {
                "align_reports": [
                    
                ],
                "cram_crai": [
                    [
                        {
                            "groupSize": 1,
                            "groupTarget": {
                                "genome_data": {
                                    "fai": "s3://test-data/genomics/homo_sapiens/genome/seq/GCA_000001405.15_GRCh38_full_plus_hs38d1_analysis_set_chr21.fna.fai",
                                    "fasta": "s3://test-data/genomics/homo_sapiens/genome/seq/GCA_000001405.15_GRCh38_full_plus_hs38d1_analysis_set_chr21.fna"
                                },
                                "id": "test",
                                "markdup": "false",
                                "sample_type": "DNA",
                                "samplename": "test",
                                "single_end": false
                            }
                        },
                        "test.merged.cram",
                        "test.merged.cram.crai"
                    ]
                ],
                "rna_junctions": [
                    
                ],
                "rna_splice_junctions": [
                    
                ],
                "sormadup_metrics": [
                    
                ]
            }
        ],
        "timestamp": "2026-02-11T20:16:26.285299",
        "meta": {
            "nf-test": "0.9.3",
            "nextflow": "25.10.4"
        }
    }
}