{
    "fastq to cram - stub": {
        "content": [
            "test.merged.cram",
            "test.merged.cram.crai",
            [
                
            ],
            [
                "versions.yml:md5,1628f3785f7e7fd46344418b00926ff3",
                "versions.yml:md5,bbf4851478b2a3c0f4d48343af3b647d"
            ]
        ],
        "meta": {
            "nf-test": "0.8.4",
            "nextflow": "23.10.1"
        },
        "timestamp": "2024-03-25T20:25:41.445503"
    },
    "fastq to cram - bwa - bamsormadup": {
        "content": [
            "test.cram",
            "test.cram.crai",
            [
                "test.merged.metrics.txt:md5,4ee20f12cb4d6077479a08310c8f6c70"
            ],
            [
                "versions.yml:md5,bbf4851478b2a3c0f4d48343af3b647d",
                "versions.yml:md5,d8544811f6b511ef45e9c3547430a30d"
            ]
        ],
        "meta": {
            "nf-test": "0.8.4",
            "nextflow": "23.10.1"
        },
        "timestamp": "2024-03-25T20:21:05.679819"
    },
    "fastq to cram - bwa - samtools sormadup": {
        "content": [
            "test.merged.cram",
            "test.merged.cram.crai",
            [
                "test.merged.metrics:md5,934298c4be265f81fdc3e39b303d811b"
            ],
            [
                "versions.yml:md5,163edee2f4f70839ca5012263163ffd1",
                "versions.yml:md5,bbf4851478b2a3c0f4d48343af3b647d"
            ]
        ],
        "meta": {
            "nf-test": "0.8.4",
            "nextflow": "23.10.1"
        },
        "timestamp": "2024-03-25T20:22:35.020168"
    },
    "fastq to cram - bwa - samtools sort": {
        "content": [
            "test.merged.cram",
            "test.merged.cram.crai",
            [
                
            ],
            [
                "versions.yml:md5,1628f3785f7e7fd46344418b00926ff3",
                "versions.yml:md5,bbf4851478b2a3c0f4d48343af3b647d"
            ]
        ],
        "meta": {
            "nf-test": "0.8.4",
            "nextflow": "23.10.1"
        },
        "timestamp": "2024-03-25T20:24:07.689047"
    }
}