{
    "fastq to cram - stub": {
        "content": [
            {
                "align_reports": [
                    
                ],
                "cram_crai": [
                    [
                        {
                            "groupSize": 1,
                            "groupTarget": {
                                "genome_data": {
                                    "fai": "s3://test-data/genomics/homo_sapiens/genome/seq/GCA_000001405.15_GRCh38_full_plus_hs38d1_analysis_set_chr21.fna.fai",
                                    "fasta": "s3://test-data/genomics/homo_sapiens/genome/seq/GCA_000001405.15_GRCh38_full_plus_hs38d1_analysis_set_chr21.fna"
                                },
                                "id": "test",
                                "markdup": "false",
                                "sample_type": "DNA",
                                "samplename": "test",
                                "single_end": false
                            }
                        },
                        "test.merged.cram",
                        "test.merged.cram.crai"
                    ]
                ],
                "rna_junctions": [
                    
                ],
                "rna_splice_junctions": [
                    
                ],
                "sormadup_metrics": [
                    
                ],
                "umi_cram_crai_chunks": [
                    
                ],
                "umi_cram_crai_merged": [
                    
                ],
                "umi_family_sizes": [
                    
                ]
            }
        ],
        "meta": {
            "nf-test": "0.9.2",
            "nextflow": "25.10.4"
        },
        "timestamp": "2026-03-25T11:29:23.920464431"
    },
    "fastq to cram - bwa - bamsormadup": {
        "content": [
            {
                "align_reports": [
                    
                ],
                "cram_crai": [
                    [
                        {
                            "groupSize": 1,
                            "groupTarget": {
                                "genome_data": {
                                    "fai": "s3://test-data/genomics/homo_sapiens/genome/seq/GCA_000001405.15_GRCh38_full_plus_hs38d1_analysis_set_chr21.fna.fai",
                                    "fasta": "s3://test-data/genomics/homo_sapiens/genome/seq/GCA_000001405.15_GRCh38_full_plus_hs38d1_analysis_set_chr21.fna"
                                },
                                "id": "test",
                                "markdup": "bamsormadup",
                                "sample_type": "DNA",
                                "samplename": "test",
                                "single_end": false
                            }
                        },
                        "test.cram",
                        "test.cram.crai"
                    ]
                ],
                "rna_junctions": [
                    
                ],
                "rna_splice_junctions": [
                    
                ],
                "sormadup_metrics": [
                    [
                        {
                            "groupSize": 1,
                            "groupTarget": {
                                "id": "test",
                                "samplename": "test",
                                "single_end": false,
                                "sample_type": "DNA",
                                "markdup": "bamsormadup",
                                "genome_data": {
                                    "fasta": "s3://test-data/genomics/homo_sapiens/genome/seq/GCA_000001405.15_GRCh38_full_plus_hs38d1_analysis_set_chr21.fna",
                                    "fai": "s3://test-data/genomics/homo_sapiens/genome/seq/GCA_000001405.15_GRCh38_full_plus_hs38d1_analysis_set_chr21.fna.fai"
                                }
                            }
                        },
                        "test.merged.metrics.txt:md5,389dc2da2dd448c54dadd8c3fa110dc5"
                    ]
                ],
                "umi_cram_crai_chunks": [
                    
                ],
                "umi_cram_crai_merged": [
                    
                ],
                "umi_family_sizes": [
                    
                ]
            }
        ],
        "meta": {
            "nf-test": "0.9.2",
            "nextflow": "25.10.4"
        },
        "timestamp": "2026-03-25T11:23:41.995239476"
    },
    "fastq to cram - bwa - samtools sormadup": {
        "content": [
            {
                "align_reports": [
                    
                ],
                "cram_crai": [
                    [
                        {
                            "groupSize": 1,
                            "groupTarget": {
                                "genome_data": {
                                    "fai": "s3://test-data/genomics/homo_sapiens/genome/seq/GCA_000001405.15_GRCh38_full_plus_hs38d1_analysis_set_chr21.fna.fai",
                                    "fasta": "s3://test-data/genomics/homo_sapiens/genome/seq/GCA_000001405.15_GRCh38_full_plus_hs38d1_analysis_set_chr21.fna"
                                },
                                "id": "test",
                                "markdup": "samtools",
                                "sample_type": "DNA",
                                "samplename": "test",
                                "single_end": false
                            }
                        },
                        "test.merged.cram",
                        "test.merged.cram.crai"
                    ]
                ],
                "rna_junctions": [
                    
                ],
                "rna_splice_junctions": [
                    
                ],
                "sormadup_metrics": [
                    [
                        {
                            "groupSize": 1,
                            "groupTarget": {
                                "id": "test",
                                "samplename": "test",
                                "single_end": false,
                                "sample_type": "DNA",
                                "markdup": "samtools",
                                "genome_data": {
                                    "fasta": "s3://test-data/genomics/homo_sapiens/genome/seq/GCA_000001405.15_GRCh38_full_plus_hs38d1_analysis_set_chr21.fna",
                                    "fai": "s3://test-data/genomics/homo_sapiens/genome/seq/GCA_000001405.15_GRCh38_full_plus_hs38d1_analysis_set_chr21.fna.fai"
                                }
                            }
                        },
                        "test.merged.metrics:md5,c4de8e394bb7110b952b2f42af335484"
                    ]
                ],
                "umi_cram_crai_chunks": [
                    
                ],
                "umi_cram_crai_merged": [
                    
                ],
                "umi_family_sizes": [
                    
                ]
            }
        ],
        "meta": {
            "nf-test": "0.9.2",
            "nextflow": "25.10.4"
        },
        "timestamp": "2026-03-25T11:27:34.508311204"
    },
    "fastq to cram - star - bamsormadup": {
        "content": [
            {
                "align_reports": [
                    
                ],
                "cram_crai": [
                    [
                        {
                            "groupSize": 1,
                            "groupTarget": {
                                "genome_data": {
                                    "fai": "s3://test-data/genomics/homo_sapiens/genome/seq/GCA_000001405.15_GRCh38_full_plus_hs38d1_analysis_set_chr21.fna.fai",
                                    "fasta": "s3://test-data/genomics/homo_sapiens/genome/seq/GCA_000001405.15_GRCh38_full_plus_hs38d1_analysis_set_chr21.fna",
                                    "star": "s3://test-data/genomics/homo_sapiens/genome/star/"
                                },
                                "id": "test",
                                "markdup": "bamsormadup",
                                "sample_type": "RNA",
                                "samplename": "test",
                                "single_end": false
                            }
                        },
                        "test.cram",
                        "test.cram.crai"
                    ]
                ],
                "rna_junctions": [
                    [
                        {
                            "groupSize": 1,
                            "groupTarget": {
                                "genome_data": {
                                    "fai": "s3://test-data/genomics/homo_sapiens/genome/seq/GCA_000001405.15_GRCh38_full_plus_hs38d1_analysis_set_chr21.fna.fai",
                                    "fasta": "s3://test-data/genomics/homo_sapiens/genome/seq/GCA_000001405.15_GRCh38_full_plus_hs38d1_analysis_set_chr21.fna",
                                    "star": "s3://test-data/genomics/homo_sapiens/genome/star/"
                                },
                                "id": "test",
                                "markdup": "bamsormadup",
                                "sample_type": "RNA",
                                "samplename": "test",
                                "single_end": false
                            }
                        },
                        "test.Chimeric.out.junction"
                    ]
                ],
                "rna_splice_junctions": [
                    [
                        {
                            "groupSize": 1,
                            "groupTarget": {
                                "id": "test",
                                "samplename": "test",
                                "single_end": false,
                                "sample_type": "RNA",
                                "markdup": "bamsormadup",
                                "genome_data": {
                                    "fasta": "s3://test-data/genomics/homo_sapiens/genome/seq/GCA_000001405.15_GRCh38_full_plus_hs38d1_analysis_set_chr21.fna",
                                    "fai": "s3://test-data/genomics/homo_sapiens/genome/seq/GCA_000001405.15_GRCh38_full_plus_hs38d1_analysis_set_chr21.fna.fai",
                                    "star": "s3://test-data/genomics/homo_sapiens/genome/star/"
                                }
                            }
                        },
                        "test.SJ.out.tab:md5,15852c5678c04e86dcb66793b7e02bb9"
                    ]
                ],
                "sormadup_metrics": [
                    [
                        {
                            "groupSize": 1,
                            "groupTarget": {
                                "id": "test",
                                "samplename": "test",
                                "single_end": false,
                                "sample_type": "RNA",
                                "markdup": "bamsormadup",
                                "genome_data": {
                                    "fasta": "s3://test-data/genomics/homo_sapiens/genome/seq/GCA_000001405.15_GRCh38_full_plus_hs38d1_analysis_set_chr21.fna",
                                    "fai": "s3://test-data/genomics/homo_sapiens/genome/seq/GCA_000001405.15_GRCh38_full_plus_hs38d1_analysis_set_chr21.fna.fai",
                                    "star": "s3://test-data/genomics/homo_sapiens/genome/star/"
                                }
                            }
                        },
                        "test.merged.metrics.txt:md5,641527401576375d7c0b0b54fbaf63ab"
                    ]
                ],
                "umi_cram_crai_chunks": [
                    
                ],
                "umi_cram_crai_merged": [
                    
                ],
                "umi_family_sizes": [
                    
                ]
            }
        ],
        "meta": {
            "nf-test": "0.9.2",
            "nextflow": "25.10.4"
        },
        "timestamp": "2026-03-25T11:26:30.933031019"
    },
    "fastq to cram - bwa - samtools sort": {
        "content": [
            {
                "align_reports": [
                    
                ],
                "cram_crai": [
                    [
                        {
                            "groupSize": 1,
                            "groupTarget": {
                                "genome_data": {
                                    "fai": "s3://test-data/genomics/homo_sapiens/genome/seq/GCA_000001405.15_GRCh38_full_plus_hs38d1_analysis_set_chr21.fna.fai",
                                    "fasta": "s3://test-data/genomics/homo_sapiens/genome/seq/GCA_000001405.15_GRCh38_full_plus_hs38d1_analysis_set_chr21.fna"
                                },
                                "id": "test",
                                "markdup": "false",
                                "sample_type": "DNA",
                                "samplename": "test",
                                "single_end": false
                            }
                        },
                        "test.merged.cram",
                        "test.merged.cram.crai"
                    ]
                ],
                "rna_junctions": [
                    
                ],
                "rna_splice_junctions": [
                    
                ],
                "sormadup_metrics": [
                    
                ],
                "umi_cram_crai_chunks": [
                    
                ],
                "umi_cram_crai_merged": [
                    
                ],
                "umi_family_sizes": [
                    
                ]
            }
        ],
        "meta": {
            "nf-test": "0.9.2",
            "nextflow": "25.10.4"
        },
        "timestamp": "2026-03-25T11:28:43.024746504"
    }
}