{
    "Should run without failures": {
        "content": [
            {
                "0": [
                    [
                        {
                            "id": "test_bam",
                            "single_end": false
                        },
                        "test_bam.cram:md5,2fdf77094cae185f31c92700f107ea17",
                        "test_bam.cram.crai:md5,5c3b266b82be397c565b8e7ea14ccd7c"
                    ]
                ],
                "1": [
                    [
                        {
                            "id": "test_cram",
                            "single_end": false
                        },
                        "test.cram.md5:md5,110faa3bcad1ae0381f0c6fdfd78c4d4"
                    ],
                    [
                        {
                            "id": "test_bam",
                            "single_end": false
                        },
                        "test_bam.cram.md5:md5,04afb90cd2568d2469d641cced7d4b0d"
                    ]
                ],
                "2": [
                    "versions.yml:md5,1f16bdc26750fb00d72ba015a19d2b00",
                    "versions.yml:md5,1cc0a1704d11534645c0c1c1d7dbcdb3",
                    "versions.yml:md5,1f16bdc26750fb00d72ba015a19d2b00"
                ],
                "checksum": [
                    [
                        {
                            "id": "test_cram",
                            "single_end": false
                        },
                        "test.cram.md5:md5,110faa3bcad1ae0381f0c6fdfd78c4d4"
                    ],
                    [
                        {
                            "id": "test_bam",
                            "single_end": false
                        },
                        "test_bam.cram.md5:md5,04afb90cd2568d2469d641cced7d4b0d"
                    ]
                ],
                "cram_crai": [
                    [
                        {
                            "id": "test_cram",
                            "single_end": false
                        },
                        "/nf-cmgg/nf-cmgg-test-datasets/main/data/genomics/homo_sapiens/illumina/cram/test.cram",
                        "/nf-cmgg/nf-cmgg-test-datasets/main/data/genomics/homo_sapiens/illumina/cram/test.cram.crai"
                    ],
                    [
                        {
                            "id": "test_bam",
                            "single_end": false
                        },
                        "test_bam.cram:md5,2fdf77094cae185f31c92700f107ea17",
                        "test_bam.cram.crai:md5,5c3b266b82be397c565b8e7ea14ccd7c"
                    ]
                ],
                "versions": [
                    "versions.yml:md5,1f16bdc26750fb00d72ba015a19d2b00",
                    "versions.yml:md5,1cc0a1704d11534645c0c1c1d7dbcdb3",
                    "versions.yml:md5,1f16bdc26750fb00d72ba015a19d2b00"
                ]
            }
        ],
        "timestamp": "2023-06-14T08:50:10+0000"
    }
}
