{
    "fastq to unaligned cram": {
        "content": [
            "test.unaligned.cram",
            [
                "versions.yml:md5,422c9b3605121c3528ee755bbdb12a85",
                "versions.yml:md5,f494e9f15ef064e11d31abca2f2ba51c"
            ]
        ],
        "meta": {
            "nf-test": "0.9.0",
            "nextflow": "24.04.4"
        },
        "timestamp": "2024-09-18T14:34:00.239583"
    }
}