{
    "fastq to unaligned cram": {
        "content": [
            {
                "cram": [
                    [
                        {
                            "groupSize": 1,
                            "groupTarget": {
                                "id": "test.unaligned",
                                "samplename": "test",
                                "single_end": false
                            }
                        },
                        "test.unaligned.cram"
                    ]
                ],
                "versions": [
                    "versions.yml:md5,7d0123b33defe52fceb94bd95f802978",
                    "versions.yml:md5,f253e859e7aa43e34481f5493c4e847b"
                ]
            }
        ],
        "meta": {
            "nf-test": "0.9.3",
            "nextflow": "25.10.2"
        },
        "timestamp": "2025-12-02T13:05:20.48603"
    }
}