{
    "-profile test": {
        "content": [
            {
                
            },
            [
                "InterOp",
                "InterOp/BasecallingMetricsOut.bin",
                "InterOp/CorrectedIntMetricsOut.bin",
                "InterOp/EmpiricalPhasingMetricsOut.bin",
                "InterOp/EventMetricsOut.bin",
                "InterOp/ExtendedTileMetricsOut.bin",
                "InterOp/ExtractionMetricsOut.bin",
                "InterOp/FWHMGridMetricsOut.bin",
                "InterOp/ImageMetricsOut.bin",
                "InterOp/IndexMetricsOut.bin",
                "InterOp/OpticalModelMetricsOut.bin",
                "InterOp/PFGridMetricsOut.bin",
                "InterOp/QMetrics2030Out.bin",
                "InterOp/QMetricsByLaneOut.bin",
                "InterOp/QMetricsOut.bin",
                "InterOp/RegistrationMetricsOut.bin",
                "InterOp/TileMetricsOut.bin",
                "Logs/L001",
                "Logs/L001/Errors.log",
                "Logs/L001/FastqComplete.txt",
                "Logs/L001/Info.log",
                "Logs/L001/Warnings.log",
                "Reports/L001",
                "Reports/L001/Adapter_Cycle_Metrics.csv",
                "Reports/L001/Adapter_Metrics.csv",
                "Reports/L001/Demultiplex_Detailed_Stats.csv",
                "Reports/L001/Demultiplex_Stats.csv",
                "Reports/L001/Demultiplex_Tile_Stats.csv",
                "Reports/L001/IndexMetricsOut.bin",
                "Reports/L001/Index_Hopping_Counts.csv",
                "Reports/L001/Quality_Metrics.csv",
                "Reports/L001/Quality_Tile_Metrics.csv",
                "Reports/L001/RunInfo.xml",
                "Reports/L001/SampleSheet.csv",
                "Reports/L001/Top_Unknown_Barcodes.csv",
                "Reports/L001/fastq_list.csv",
                "multiqc/200624_A00834_0183_BHMTFYDRXX_SAV.html",
                "multiqc/200624_A00834_0183_BHMTFYDRXX_SAV_data",
                "multiqc/200624_A00834_0183_BHMTFYDRXX_SAV_data/bclconvert-lane-stats-table.txt",
                "multiqc/200624_A00834_0183_BHMTFYDRXX_SAV_data/bclconvert-sample-stats-table.txt",
                "multiqc/200624_A00834_0183_BHMTFYDRXX_SAV_data/bclconvert_lane_counts.txt",
                "multiqc/200624_A00834_0183_BHMTFYDRXX_SAV_data/bclconvert_sample_counts_Counts_per_lane.txt",
                "multiqc/200624_A00834_0183_BHMTFYDRXX_SAV_data/bclconvert_sample_counts_Index_mismatches.txt",
                "multiqc/200624_A00834_0183_BHMTFYDRXX_SAV_data/bclconvert_undetermined.txt",
                "multiqc/200624_A00834_0183_BHMTFYDRXX_SAV_data/llms-full.txt",
                "multiqc/200624_A00834_0183_BHMTFYDRXX_SAV_data/multiqc.log",
                "multiqc/200624_A00834_0183_BHMTFYDRXX_SAV_data/multiqc.parquet",
                "multiqc/200624_A00834_0183_BHMTFYDRXX_SAV_data/multiqc_bclconvert_bylane.txt",
                "multiqc/200624_A00834_0183_BHMTFYDRXX_SAV_data/multiqc_bclconvert_bysample.txt",
                "multiqc/200624_A00834_0183_BHMTFYDRXX_SAV_data/multiqc_citations.txt",
                "multiqc/200624_A00834_0183_BHMTFYDRXX_SAV_data/multiqc_data.json",
                "multiqc/200624_A00834_0183_BHMTFYDRXX_SAV_data/multiqc_general_stats.txt",
                "multiqc/200624_A00834_0183_BHMTFYDRXX_SAV_data/multiqc_sav.txt",
                "multiqc/200624_A00834_0183_BHMTFYDRXX_SAV_data/multiqc_sources.txt",
                "multiqc/200624_A00834_0183_BHMTFYDRXX_SAV_data/sav-intensity-vs-cycle-plot.txt",
                "multiqc/200624_A00834_0183_BHMTFYDRXX_SAV_data/sav-lane-metrics-summary-table.txt",
                "multiqc/200624_A00834_0183_BHMTFYDRXX_SAV_data/sav-pf-vs-occ-plot.txt",
                "multiqc/200624_A00834_0183_BHMTFYDRXX_SAV_data/sav-qscore-heatmap-plot.txt",
                "multiqc/200624_A00834_0183_BHMTFYDRXX_SAV_data/sav-qscore-histogram-plot.txt",
                "multiqc/200624_A00834_0183_BHMTFYDRXX_SAV_data/sav-read-metrics-summary-table.txt",
                "multiqc/200624_A00834_0183_BHMTFYDRXX_SAV_data/sav-summary-clusters-reads-lane-plot_Clusters.txt",
                "multiqc/200624_A00834_0183_BHMTFYDRXX_SAV_data/sav-summary-clusters-reads-lane-plot_Reads.txt",
                "pipeline_info",
                "pipeline_info/nf_cmgg_preprocessing_software_mqc_versions.yml",
                "test",
                "test/Sample1",
                "test/Sample1/Sample1.cram",
                "test/Sample1/Sample1.cram.crai",
                "test/Sample1/Sample1.duplicate_metrics.txt",
                "test/Sample1/Sample1.flagstat",
                "test/Sample1/Sample1.idxstats",
                "test/Sample1/Sample1.md5",
                "test/Sample1/Sample1.mosdepth.global.dist.txt",
                "test/Sample1/Sample1.mosdepth.summary.txt",
                "test/Sample1/Sample1.per-base.bed.gz",
                "test/Sample1/Sample1.per-base.bed.gz.csi",
                "test/Sample1/Sample1.quantized.bed.gz",
                "test/Sample1/Sample1.quantized.bed.gz.csi",
                "test/Sample1/Sample1_S1_L001.fastp.html",
                "test/Sample1/Sample1_S1_L001.fastp.json",
                "test/Sample2",
                "test/Sample2/Sample2_S2_L001.md5",
                "test/Sample2/Sample2_S2_L001_R1_001.fastq.gz",
                "test/Sample2/Sample2_S2_L001_fastqc_data.txt",
                "test/Sample2/Sample2_S2_L001_report.html",
                "test/Sample2/Sample2_S2_L001_summary.txt",
                "test/multiqc",
                "test/multiqc/test.html",
                "test/multiqc/test_data",
                "test/multiqc/test_data/biobambam2_deduplication.txt",
                "test/multiqc/test_data/falco-status-check-heatmap.txt",
                "test/multiqc/test_data/falco_overrepresented_sequences_plot.txt",
                "test/multiqc/test_data/falco_per_base_n_content_plot.txt",
                "test/multiqc/test_data/falco_per_base_sequence_quality_plot.txt",
                "test/multiqc/test_data/falco_per_sequence_gc_content_plot_Counts.txt",
                "test/multiqc/test_data/falco_per_sequence_gc_content_plot_Percentages.txt",
                "test/multiqc/test_data/falco_per_sequence_quality_scores_plot.txt",
                "test/multiqc/test_data/falco_sequence_counts_plot.txt",
                "test/multiqc/test_data/falco_sequence_duplication_levels_plot.txt",
                "test/multiqc/test_data/falco_top_overrepresented_sequences_table.txt",
                "test/multiqc/test_data/fastp-seq-content-gc-plot_Read_1_After_filtering.txt",
                "test/multiqc/test_data/fastp-seq-content-gc-plot_Read_1_Before_filtering.txt",
                "test/multiqc/test_data/fastp-seq-content-n-plot_Read_1_After_filtering.txt",
                "test/multiqc/test_data/fastp-seq-content-n-plot_Read_1_Before_filtering.txt",
                "test/multiqc/test_data/fastp-seq-quality-plot_Read_1_After_filtering.txt",
                "test/multiqc/test_data/fastp-seq-quality-plot_Read_1_Before_filtering.txt",
                "test/multiqc/test_data/fastp_filtered_reads_plot.txt",
                "test/multiqc/test_data/fastqc_sequence_length_distribution_plot.txt",
                "test/multiqc/test_data/llms-full.txt",
                "test/multiqc/test_data/mosdepth-coverage-per-contig-single.txt",
                "test/multiqc/test_data/mosdepth-cumcoverage-dist-id.txt",
                "test/multiqc/test_data/mosdepth_cov_dist.txt",
                "test/multiqc/test_data/mosdepth_cumcov_dist.txt",
                "test/multiqc/test_data/mosdepth_perchrom.txt",
                "test/multiqc/test_data/multiqc.log",
                "test/multiqc/test_data/multiqc.parquet",
                "test/multiqc/test_data/multiqc_biobambam2_dups.txt",
                "test/multiqc/test_data/multiqc_citations.txt",
                "test/multiqc/test_data/multiqc_data.json",
                "test/multiqc/test_data/multiqc_fastp.txt",
                "test/multiqc/test_data/multiqc_fastqc.txt",
                "test/multiqc/test_data/multiqc_general_stats.txt",
                "test/multiqc/test_data/multiqc_samtools_flagstat.txt",
                "test/multiqc/test_data/multiqc_samtools_idxstats.txt",
                "test/multiqc/test_data/multiqc_software_versions.txt",
                "test/multiqc/test_data/multiqc_sources.txt",
                "test/multiqc/test_data/samtools-flagstat-pct-table.txt",
                "test/multiqc/test_data/samtools-flagstat-table.txt",
                "test/multiqc/test_data/samtools-idxstats-mapped-reads-plot_Normalised_Counts.txt",
                "test/multiqc/test_data/samtools-idxstats-mapped-reads-plot_Observed_over_Expected_Counts.txt",
                "test/multiqc/test_data/samtools-idxstats-mapped-reads-plot_Raw_Counts.txt",
                "test_library",
                "test_library/DNA_paired1",
                "test_library/DNA_paired1/DNA1_L001.fastp.html",
                "test_library/DNA_paired1/DNA1_L001.fastp.json",
                "test_library/DNA_paired1/DNA1_L002.fastp.html",
                "test_library/DNA_paired1/DNA1_L002.fastp.json",
                "test_library/DNA_paired1/DNA_paired1.cram",
                "test_library/DNA_paired1/DNA_paired1.cram.crai",
                "test_library/DNA_paired1/DNA_paired1.duplicate_metrics.txt",
                "test_library/DNA_paired1/DNA_paired1.flagstat",
                "test_library/DNA_paired1/DNA_paired1.idxstats",
                "test_library/DNA_paired1/DNA_paired1.md5",
                "test_library/DNA_paired1/DNA_paired1.mosdepth.global.dist.txt",
                "test_library/DNA_paired1/DNA_paired1.mosdepth.summary.txt",
                "test_library/DNA_paired1/DNA_paired1.per-base.bed.gz",
                "test_library/DNA_paired1/DNA_paired1.per-base.bed.gz.csi",
                "test_library/DNA_paired1/DNA_paired1.quantized.bed.gz",
                "test_library/DNA_paired1/DNA_paired1.quantized.bed.gz.csi",
                "test_library/RNA_paired1",
                "test_library/RNA_paired1/RNA1_L001.fastp.html",
                "test_library/RNA_paired1/RNA1_L001.fastp.json",
                "test_library/RNA_paired1/RNA1_L002.fastp.html",
                "test_library/RNA_paired1/RNA1_L002.fastp.json",
                "test_library/RNA_paired1/RNA_paired1.Chimeric.out.junction",
                "test_library/RNA_paired1/RNA_paired1.SJ.out.tab",
                "test_library/RNA_paired1/RNA_paired1.cram",
                "test_library/RNA_paired1/RNA_paired1.cram.crai",
                "test_library/RNA_paired1/RNA_paired1.duplicate_metrics.txt",
                "test_library/RNA_paired1/RNA_paired1.flagstat",
                "test_library/RNA_paired1/RNA_paired1.idxstats",
                "test_library/RNA_paired1/RNA_paired1.md5",
                "test_library/RNA_paired1/RNA_paired1.mosdepth.global.dist.txt",
                "test_library/RNA_paired1/RNA_paired1.mosdepth.summary.txt",
                "test_library/RNA_paired1/RNA_paired1.per-base.bed.gz",
                "test_library/RNA_paired1/RNA_paired1.per-base.bed.gz.csi",
                "test_library/RNA_paired1/RNA_paired1.quantized.bed.gz",
                "test_library/RNA_paired1/RNA_paired1.quantized.bed.gz.csi",
                "test_library/multiqc",
                "test_library/multiqc/test_library.html",
                "test_library/multiqc/test_library_data",
                "test_library/multiqc/test_library_data/biobambam2_deduplication.txt",
                "test_library/multiqc/test_library_data/fastp-insert-size-plot.txt",
                "test_library/multiqc/test_library_data/fastp-seq-content-gc-plot_Read_1_After_filtering.txt",
                "test_library/multiqc/test_library_data/fastp-seq-content-gc-plot_Read_1_Before_filtering.txt",
                "test_library/multiqc/test_library_data/fastp-seq-content-gc-plot_Read_2_After_filtering.txt",
                "test_library/multiqc/test_library_data/fastp-seq-content-gc-plot_Read_2_Before_filtering.txt",
                "test_library/multiqc/test_library_data/fastp-seq-content-n-plot_Read_1_After_filtering.txt",
                "test_library/multiqc/test_library_data/fastp-seq-content-n-plot_Read_1_Before_filtering.txt",
                "test_library/multiqc/test_library_data/fastp-seq-content-n-plot_Read_2_After_filtering.txt",
                "test_library/multiqc/test_library_data/fastp-seq-content-n-plot_Read_2_Before_filtering.txt",
                "test_library/multiqc/test_library_data/fastp-seq-quality-plot_Read_1_After_filtering.txt",
                "test_library/multiqc/test_library_data/fastp-seq-quality-plot_Read_1_Before_filtering.txt",
                "test_library/multiqc/test_library_data/fastp-seq-quality-plot_Read_2_After_filtering.txt",
                "test_library/multiqc/test_library_data/fastp-seq-quality-plot_Read_2_Before_filtering.txt",
                "test_library/multiqc/test_library_data/fastp_filtered_reads_plot.txt",
                "test_library/multiqc/test_library_data/llms-full.txt",
                "test_library/multiqc/test_library_data/mosdepth-coverage-per-contig-single.txt",
                "test_library/multiqc/test_library_data/mosdepth-cumcoverage-dist-id.txt",
                "test_library/multiqc/test_library_data/mosdepth_cov_dist.txt",
                "test_library/multiqc/test_library_data/mosdepth_cumcov_dist.txt",
                "test_library/multiqc/test_library_data/mosdepth_perchrom.txt",
                "test_library/multiqc/test_library_data/multiqc.log",
                "test_library/multiqc/test_library_data/multiqc.parquet",
                "test_library/multiqc/test_library_data/multiqc_biobambam2_dups.txt",
                "test_library/multiqc/test_library_data/multiqc_citations.txt",
                "test_library/multiqc/test_library_data/multiqc_data.json",
                "test_library/multiqc/test_library_data/multiqc_fastp.txt",
                "test_library/multiqc/test_library_data/multiqc_general_stats.txt",
                "test_library/multiqc/test_library_data/multiqc_samtools_flagstat.txt",
                "test_library/multiqc/test_library_data/multiqc_samtools_idxstats.txt",
                "test_library/multiqc/test_library_data/multiqc_software_versions.txt",
                "test_library/multiqc/test_library_data/multiqc_sources.txt",
                "test_library/multiqc/test_library_data/samtools-flagstat-pct-table.txt",
                "test_library/multiqc/test_library_data/samtools-flagstat-table.txt",
                "test_library/multiqc/test_library_data/samtools-idxstats-mapped-reads-plot_Normalised_Counts.txt",
                "test_library/multiqc/test_library_data/samtools-idxstats-mapped-reads-plot_Observed_over_Expected_Counts.txt",
                "test_library/multiqc/test_library_data/samtools-idxstats-mapped-reads-plot_Raw_Counts.txt"
            ],
            [
                "BasecallingMetricsOut.bin:md5,7fb651325cba614d497d376eaf43fef4",
                "CorrectedIntMetricsOut.bin:md5,dc8d57282ba9ece9e5fc58a92aa2ac52",
                "EmpiricalPhasingMetricsOut.bin:md5,1ef4631faf0a3a3beb31b10fc38a734d",
                "EventMetricsOut.bin:md5,dee320ce29bdadde44589aa9439f53ab",
                "ExtendedTileMetricsOut.bin:md5,f01d1a9cf8445adf719e652ad7304cf2",
                "ExtractionMetricsOut.bin:md5,972f4082ad950baaf42a6d28517d28a8",
                "FWHMGridMetricsOut.bin:md5,6e297bafcd845bfd0440d08e1bb27685",
                "ImageMetricsOut.bin:md5,ac5d1f0a1f611c0c7c9dd8e6b9e701b1",
                "IndexMetricsOut.bin:md5,6d95975d5909eb88f824e6dc8066457d",
                "OpticalModelMetricsOut.bin:md5,3eaea5fcf2d353950b1e720c73695ccb",
                "PFGridMetricsOut.bin:md5,ae469858ee96ffafbcaf3afb814bdab2",
                "QMetrics2030Out.bin:md5,438248760db58917b32f4eccc6c64c39",
                "QMetricsByLaneOut.bin:md5,e8254cb4a27846710a2a143296be2d8f",
                "QMetricsOut.bin:md5,8f6b83028a42be721200a598161ac5c6",
                "RegistrationMetricsOut.bin:md5,b5ebd957aed067b6403d851ba2ce0139",
                "TileMetricsOut.bin:md5,21388348d81fa9be326d30ef6d348464",
                "Errors.log:md5,d41d8cd98f00b204e9800998ecf8427e",
                "FastqComplete.txt:md5,03b5eab49469481a2fe6424cf248982f",
                "Info.log:md5,fbb6cad1bad5aaf71763e43471724674",
                "Warnings.log:md5,d41d8cd98f00b204e9800998ecf8427e",
                "Adapter_Cycle_Metrics.csv:md5,9ce65d3801abd2abc61b88990cb426ca",
                "Adapter_Metrics.csv:md5,33b5b49dda5080d6439b553bf7d79e64",
                "Demultiplex_Detailed_Stats.csv:md5,dbcffbfe408240c927d3797b7766ec95",
                "Demultiplex_Stats.csv:md5,8de22e8a461e2d9fe36fc4392437ae69",
                "Demultiplex_Tile_Stats.csv:md5,be9589966a2a1ae21c63dfa63fe27e71",
                "IndexMetricsOut.bin:md5,448b938c436c62344c17e6f6b91d515d",
                "Index_Hopping_Counts.csv:md5,e2f580f5100e855777cdaf5ce208c44c",
                "Quality_Metrics.csv:md5,dd7cd6744e8f1e90021a5aef1de50876",
                "Quality_Tile_Metrics.csv:md5,42a12f0e2168942b862bca996d4609e3",
                "RunInfo.xml:md5,f283cb4600235db9261ee1e319b1407e",
                "SampleSheet.csv:md5,7e3da7b5827151fb03cd18806abbd3c5",
                "Top_Unknown_Barcodes.csv:md5,2177e2eb84fba346822d68be7d8ee12e",
                "fastq_list.csv:md5,06ecf0d1ed63132aa467911f11f41175",
                "bclconvert-lane-stats-table.txt:md5,0278253f874accc41a6a0b666410ae87",
                "bclconvert-sample-stats-table.txt:md5,c34d968366664536a5aa68b0068ca486",
                "bclconvert_lane_counts.txt:md5,38345c3429e65a444959734e8783ce9c",
                "bclconvert_sample_counts_Counts_per_lane.txt:md5,3c437458088923cdefb065db33dc9531",
                "bclconvert_sample_counts_Index_mismatches.txt:md5,8296136b6cf34b8809afc8c33c5b2f56",
                "bclconvert_undetermined.txt:md5,243b1fcc01331e9e66bd635c84b6c272",
                "llms-full.txt:md5,f59578cc668fd3436c338fc4e6ce358c",
                "multiqc.log:md5,430a837c5fcf73465e3209deffedc115",
                "multiqc.parquet:md5,ca04a8512fda51cbe0a80bea05dd7734",
                "multiqc_bclconvert_bylane.txt:md5,e18a1a80a05d302c53ac270e3d6f783a",
                "multiqc_bclconvert_bysample.txt:md5,cd81e4b40cb887454eede83b8d5eb962",
                "multiqc_citations.txt:md5,4c806e63a283ec1b7e78cdae3a923d4f",
                "multiqc_data.json:md5,2dccac4e61ab3e9556f294d64bb7a149",
                "multiqc_general_stats.txt:md5,0355fb1e68bda46e9d6bba308db3a988",
                "multiqc_sav.txt:md5,28056766e8c9917cd1cd715b37ab3ac3",
                "multiqc_sources.txt:md5,0e0398314e5ef63874ed559994a03810",
                "sav-intensity-vs-cycle-plot.txt:md5,17b1f5cfb2d0d200ce6341483eaafc17",
                "sav-lane-metrics-summary-table.txt:md5,7759b5caa6c41701eedf7d640f5b3855",
                "sav-pf-vs-occ-plot.txt:md5,b632e7602ded52e528f29930ff949087",
                "sav-qscore-heatmap-plot.txt:md5,7c842e1152c451667ad85ab50336dd59",
                "sav-qscore-histogram-plot.txt:md5,b4e6ef0d32113e403c00ce1cf2f179dc",
                "sav-read-metrics-summary-table.txt:md5,67c8914255705ee915ef0f4c9f79851b",
                "sav-summary-clusters-reads-lane-plot_Clusters.txt:md5,455720e9c81085d102ad6328ea29b3ba",
                "sav-summary-clusters-reads-lane-plot_Reads.txt:md5,e065c617aef911133450f85afecc2779",
                "Sample1.cram:md5,cd2a9b1518b6b7cae4f77e95d4e48a36",
                "Sample1.cram.crai:md5,12702659480c11386df4190d3e915cd7",
                "Sample1.duplicate_metrics.txt:md5,f23933cc5957694d2286bdae22039097",
                "Sample1.flagstat:md5,8abb0630fcee2f532b9ac15e4fdc6c77",
                "Sample1.idxstats:md5,43734d1c83501801147ca2ea3379a6bc",
                "Sample1.md5:md5,0351bd69bbe6b2e0dd84ba9c8ba192a8",
                "Sample1.mosdepth.global.dist.txt:md5,b7b78608d80cdaa15042675c3cf8888d",
                "Sample1.mosdepth.summary.txt:md5,c11a0ccebeecb56b3ee55892ec7d7486",
                "Sample1.per-base.bed.gz:md5,165f5a06894162722046726032193fcb",
                "Sample1.per-base.bed.gz.csi:md5,835055111329aabd7813dc57bcfadddc",
                "Sample1.quantized.bed.gz:md5,ab465148e21e2bacff7a49fa652807cb",
                "Sample1.quantized.bed.gz.csi:md5,f8736a688b58f16aa3a9a323b6952d15",
                "Sample1_S1_L001.fastp.json:md5,21dbdbc2232f6e231f72d84d4a48f0b3",
                "Sample2_S2_L001.md5:md5,b8055417fab09fc438dcd72369fc2bb7",
                "Sample2_S2_L001_R1_001.fastq.gz:md5,c16c7de1b7bffb5e4503f4d94c40f881",
                "Sample2_S2_L001_fastqc_data.txt:md5,c13571aa49b796e89b7479fc82947c08",
                "Sample2_S2_L001_summary.txt:md5,073f0fa018f15effd822156fd4c1706a",
                "biobambam2_deduplication.txt:md5,2cf82cfdc203e9201bcaab03ff7d7f07",
                "falco-status-check-heatmap.txt:md5,b6fb54e7bd603bc87669796fac7a0bf8",
                "falco_overrepresented_sequences_plot.txt:md5,972d9d9645444e2c7cb70e867ac770cc",
                "falco_per_base_n_content_plot.txt:md5,3949f97a1a992d3b4b01567b0d4d03f7",
                "falco_per_base_sequence_quality_plot.txt:md5,31120ccff777561ada3986729e127f65",
                "falco_per_sequence_gc_content_plot_Counts.txt:md5,7a01c3ebcc8dbffcdb50b7ee6e703268",
                "falco_per_sequence_gc_content_plot_Percentages.txt:md5,acb9bb72987c4a4689ebb8139f488fe9",
                "falco_per_sequence_quality_scores_plot.txt:md5,e410842ab4cb748627dd999d3bbe05c6",
                "falco_sequence_counts_plot.txt:md5,d3089eaad41dc6f9c20b5fc49a3af926",
                "falco_sequence_duplication_levels_plot.txt:md5,0698875eb5f8bcda0f0d1b0cd4de5cbc",
                "falco_top_overrepresented_sequences_table.txt:md5,fc8b489139d2c2385254f68e67366132",
                "fastp-seq-content-gc-plot_Read_1_After_filtering.txt:md5,5be0a75d82f6fa140876ac4b2c5532fc",
                "fastp-seq-content-gc-plot_Read_1_Before_filtering.txt:md5,128ace5e2fa17e3d141d752c20e621a5",
                "fastp-seq-content-n-plot_Read_1_After_filtering.txt:md5,680424083898d2dbe7d0c4477f7de20e",
                "fastp-seq-content-n-plot_Read_1_Before_filtering.txt:md5,89a939b86eaaf351bf41cb6da175c1ae",
                "fastp-seq-quality-plot_Read_1_After_filtering.txt:md5,1f2e4f81bfb1cfed11cf144b4b1549ec",
                "fastp-seq-quality-plot_Read_1_Before_filtering.txt:md5,885d7a9ba3d4798af63a81f15be5dbdd",
                "fastp_filtered_reads_plot.txt:md5,a819de7a22585365a6abc648c62348fa",
                "fastqc_sequence_length_distribution_plot.txt:md5,c97222acdaa3fef97467ad7a00b96bdf",
                "llms-full.txt:md5,330381a97e1fa71c8f82d53020274d75",
                "mosdepth-coverage-per-contig-single.txt:md5,4e48343701bfd4b1a148bb85694b528b",
                "mosdepth-cumcoverage-dist-id.txt:md5,212b2725a7a9ffce636a6f13c13b3384",
                "mosdepth_cov_dist.txt:md5,fb09ed8fbf6b76086fcf4a8a8d499bf1",
                "mosdepth_cumcov_dist.txt:md5,fb09ed8fbf6b76086fcf4a8a8d499bf1",
                "mosdepth_perchrom.txt:md5,4e48343701bfd4b1a148bb85694b528b",
                "multiqc.log:md5,10cadd8bd28d00597b2172f02c9b6858",
                "multiqc.parquet:md5,892f5eb27616ea131ae5677127525af3",
                "multiqc_biobambam2_dups.txt:md5,09236c4c3039ce6b01085d0e70d04dd4",
                "multiqc_citations.txt:md5,294fadee817c59c64f1b985ac204b224",
                "multiqc_data.json:md5,66b491f51f64040923722ac2e93122a5",
                "multiqc_fastp.txt:md5,d04370ed6e820a83cd2788163a84b6d4",
                "multiqc_fastqc.txt:md5,7d3d38ef0e1f04841f97305e7bcfb342",
                "multiqc_general_stats.txt:md5,4bd2e7fb63623f1cd3c0c9e2becffb6b",
                "multiqc_samtools_flagstat.txt:md5,8ff0c5b96de2ff9bf03797989d5e7872",
                "multiqc_samtools_idxstats.txt:md5,e8588dd4ce39f59f5a03f5b10c6334cd",
                "multiqc_software_versions.txt:md5,53161ef59b817631325373684485e533",
                "multiqc_sources.txt:md5,10809747766b156766e0d64e789fb652",
                "samtools-flagstat-pct-table.txt:md5,8b7e2b355e7b84ee1ea5b49bf6b3629f",
                "samtools-flagstat-table.txt:md5,107f7050b04978cb99fe92c58b1e547b",
                "samtools-idxstats-mapped-reads-plot_Normalised_Counts.txt:md5,52fcc2efeece6497aad511d6649aa590",
                "samtools-idxstats-mapped-reads-plot_Observed_over_Expected_Counts.txt:md5,52fcc2efeece6497aad511d6649aa590",
                "samtools-idxstats-mapped-reads-plot_Raw_Counts.txt:md5,f421ec652b5f66fb103825e6e09036ae",
                "DNA1_L001.fastp.json:md5,ae0223bac850350a2491e9629e9fcd4f",
                "DNA1_L002.fastp.json:md5,796a4dc00984659d75cefaa4b449b8e0",
                "DNA_paired1.cram:md5,4e380aa2b1f08df1f3ab642c2fa31856",
                "DNA_paired1.cram.crai:md5,ee07974a8b08eec30f732f53a13df5e2",
                "DNA_paired1.duplicate_metrics.txt:md5,0a60aba596f59272aa79b2cb57d86e95",
                "DNA_paired1.flagstat:md5,f628c246e4c47c5d838011f61b1c5992",
                "DNA_paired1.idxstats:md5,f472354ee9cfeffd764bbb83c8de2f93",
                "DNA_paired1.md5:md5,e39d7decc8dd42349169f52a9eea8f15",
                "DNA_paired1.mosdepth.global.dist.txt:md5,3d1e7b261951c46a47b4ff56fe3cf5a7",
                "DNA_paired1.mosdepth.summary.txt:md5,dd24d10536812b78b6a0c202dc6c5f35",
                "DNA_paired1.per-base.bed.gz:md5,cabe2b7a2556d1a26a4dba75606beaeb",
                "DNA_paired1.per-base.bed.gz.csi:md5,2e7a5649c4fe254c4eed7f0b441a16de",
                "DNA_paired1.quantized.bed.gz:md5,d31d824668e366140adbe2a2a6a8ec73",
                "DNA_paired1.quantized.bed.gz.csi:md5,91c5b205da9d00460f1245b7f75ef3a9",
                "RNA1_L001.fastp.json:md5,56afced343b6cfe11fd8dc7747d35c53",
                "RNA1_L002.fastp.json:md5,f31fbd9dbfb40f3dade87bd8d278968d",
                "RNA_paired1.Chimeric.out.junction:md5,d4d554d470eff9aea0d993446e953081",
                "RNA_paired1.SJ.out.tab:md5,95e5af5e663ebb82eabb07ed511ecaf5",
                "RNA_paired1.cram:md5,5a276b415ae02fea4138a781d6eaa983",
                "RNA_paired1.cram.crai:md5,01177ec58787e0fb8104e4409ad8f36f",
                "RNA_paired1.duplicate_metrics.txt:md5,dc7ecbd5382cc07f55a4865ffc6a5f2a",
                "RNA_paired1.flagstat:md5,05f2a01dc2859f6846b310391b3ba6bc",
                "RNA_paired1.idxstats:md5,da8b7565d0a6c11bb42fcc70989c8f2e",
                "RNA_paired1.md5:md5,17cd49151bba9a1ed4285de34f6e8a2f",
                "RNA_paired1.mosdepth.global.dist.txt:md5,3a2011d0547d5ef21b761a56ea7f1678",
                "RNA_paired1.mosdepth.summary.txt:md5,adfc21655e4b93b7ee755faf0bc12276",
                "RNA_paired1.per-base.bed.gz:md5,62e4581e641d6307a0301189c0b9130e",
                "RNA_paired1.per-base.bed.gz.csi:md5,a6b5d55c801c27a29544358d7406f5d4",
                "RNA_paired1.quantized.bed.gz:md5,96ae87201309b170f984f3566c42182f",
                "RNA_paired1.quantized.bed.gz.csi:md5,20f3d469cf7bafcfc96a117706419a87",
                "biobambam2_deduplication.txt:md5,817990bfb875b5e410ea2eca8332fc56",
                "fastp-insert-size-plot.txt:md5,818ad914c27f5c310ceaedca11c8f05e",
                "fastp-seq-content-gc-plot_Read_1_After_filtering.txt:md5,e1cce51930d7be8f07f5d60af886900c",
                "fastp-seq-content-gc-plot_Read_1_Before_filtering.txt:md5,b1a0618f47b4b3db201019a5ae2d2fbf",
                "fastp-seq-content-gc-plot_Read_2_After_filtering.txt:md5,e8c00cc1ea49611575adf7e86d869e90",
                "fastp-seq-content-gc-plot_Read_2_Before_filtering.txt:md5,c259f9b2103c1bc5b1067a8d915a2577",
                "fastp-seq-content-n-plot_Read_1_After_filtering.txt:md5,faed81d684eb2df3f61bdb5030b66cc6",
                "fastp-seq-content-n-plot_Read_1_Before_filtering.txt:md5,0ee43b62e4832d776653ea90040b4b82",
                "fastp-seq-content-n-plot_Read_2_After_filtering.txt:md5,88cc523110cfe2aebc62b50a54527246",
                "fastp-seq-content-n-plot_Read_2_Before_filtering.txt:md5,2ae05e3feed97de4fa7795ccf2a8edb3",
                "fastp-seq-quality-plot_Read_1_After_filtering.txt:md5,e4eb3a5d0ea324969b6ece9d268b8521",
                "fastp-seq-quality-plot_Read_1_Before_filtering.txt:md5,ae527f468f552ced5d49f793956960d6",
                "fastp-seq-quality-plot_Read_2_After_filtering.txt:md5,0f7811cfec14a96c3ebb7f9f3aaaa943",
                "fastp-seq-quality-plot_Read_2_Before_filtering.txt:md5,d3a4a828377b2dc9cef0ea39eaf5ed1d",
                "fastp_filtered_reads_plot.txt:md5,9a2bfc87fb1c2b5f21440cf2b4863259",
                "llms-full.txt:md5,505c78f53768be048a37b23cc62d963e",
                "mosdepth-coverage-per-contig-single.txt:md5,925b052d556c6304495be64262069276",
                "mosdepth-cumcoverage-dist-id.txt:md5,a6aa166f88e47d8be1cb057e2743ac10",
                "mosdepth_cov_dist.txt:md5,eb910fa9d46d10881c46672e5fa5d858",
                "mosdepth_cumcov_dist.txt:md5,eb910fa9d46d10881c46672e5fa5d858",
                "mosdepth_perchrom.txt:md5,925b052d556c6304495be64262069276",
                "multiqc.log:md5,7cd0c96469cbd7778e9f2ef60ddcf406",
                "multiqc.parquet:md5,f28d522fa8ac367d652db5b6160d59ec",
                "multiqc_biobambam2_dups.txt:md5,b392c24bb4dee701967e5dfc996137e8",
                "multiqc_citations.txt:md5,294fadee817c59c64f1b985ac204b224",
                "multiqc_data.json:md5,7791de866748895c143327061c337df0",
                "multiqc_fastp.txt:md5,b711210cafe9064f2a32602c364e85c1",
                "multiqc_general_stats.txt:md5,35daf0b10e6ddfd7ff45f58e0594b155",
                "multiqc_samtools_flagstat.txt:md5,c1fce149f29ab85ab1d70207db1b098e",
                "multiqc_samtools_idxstats.txt:md5,b8e82a78a6139f764c35c998fbbc6489",
                "multiqc_software_versions.txt:md5,fcd6e3401d6805cd3398c01a921e1c89",
                "multiqc_sources.txt:md5,d4e5a51329cfe9ea8a58f94eb6329a44",
                "samtools-flagstat-pct-table.txt:md5,ff4545c59f12f6e96c357e706f6791b7",
                "samtools-flagstat-table.txt:md5,2d46dae343ec085f6ebe434543cbf58c",
                "samtools-idxstats-mapped-reads-plot_Normalised_Counts.txt:md5,a8c12157b5db6cc538db8860dcea62a0",
                "samtools-idxstats-mapped-reads-plot_Observed_over_Expected_Counts.txt:md5,a8c12157b5db6cc538db8860dcea62a0",
                "samtools-idxstats-mapped-reads-plot_Raw_Counts.txt:md5,267f488e0e91fbecb74d5a0d6cc2646f"
            ]
        ],
        "timestamp": "2026-09-10T13:39:03.201177",
        "meta": {
            "nf-test": "0.9.5",
            "nextflow": "26.04.6"
        }
    }
}