{
    "-profile test": {
        "content": [
            {
                
            },
            [
                "InterOp/BasecallingMetricsOut.bin",
                "InterOp/CorrectedIntMetricsOut.bin",
                "InterOp/EmpiricalPhasingMetricsOut.bin",
                "InterOp/EventMetricsOut.bin",
                "InterOp/ExtendedTileMetricsOut.bin",
                "InterOp/ExtractionMetricsOut.bin",
                "InterOp/FWHMGridMetricsOut.bin",
                "InterOp/ImageMetricsOut.bin",
                "InterOp/IndexMetricsOut.bin",
                "InterOp/OpticalModelMetricsOut.bin",
                "InterOp/PFGridMetricsOut.bin",
                "InterOp/QMetrics2030Out.bin",
                "InterOp/QMetricsByLaneOut.bin",
                "InterOp/QMetricsOut.bin",
                "InterOp/RegistrationMetricsOut.bin",
                "InterOp/TileMetricsOut.bin",
                "Logs/L001",
                "Logs/L001/Errors.log",
                "Logs/L001/FastqComplete.txt",
                "Logs/L001/Info.log",
                "Logs/L001/Warnings.log",
                "Reports/L001",
                "Reports/L001/Adapter_Cycle_Metrics.csv",
                "Reports/L001/Adapter_Metrics.csv",
                "Reports/L001/Demultiplex_Detailed_Stats.csv",
                "Reports/L001/Demultiplex_Stats.csv",
                "Reports/L001/Demultiplex_Tile_Stats.csv",
                "Reports/L001/IndexMetricsOut.bin",
                "Reports/L001/Index_Hopping_Counts.csv",
                "Reports/L001/Quality_Metrics.csv",
                "Reports/L001/Quality_Tile_Metrics.csv",
                "Reports/L001/RunInfo.xml",
                "Reports/L001/SampleSheet.csv",
                "Reports/L001/Top_Unknown_Barcodes.csv",
                "Reports/L001/fastq_list.csv",
                "multiqc/200624_A00834_0183_BHMTFYDRXX_SAV.html",
                "multiqc/200624_A00834_0183_BHMTFYDRXX_SAV_data",
                "multiqc/200624_A00834_0183_BHMTFYDRXX_SAV_data/bclconvert-lane-stats-table.txt",
                "multiqc/200624_A00834_0183_BHMTFYDRXX_SAV_data/bclconvert-sample-stats-table.txt",
                "multiqc/200624_A00834_0183_BHMTFYDRXX_SAV_data/bclconvert_lane_counts.txt",
                "multiqc/200624_A00834_0183_BHMTFYDRXX_SAV_data/bclconvert_sample_counts_Counts_per_lane.txt",
                "multiqc/200624_A00834_0183_BHMTFYDRXX_SAV_data/bclconvert_sample_counts_Index_mismatches.txt",
                "multiqc/200624_A00834_0183_BHMTFYDRXX_SAV_data/bclconvert_undetermined.txt",
                "multiqc/200624_A00834_0183_BHMTFYDRXX_SAV_data/llms-full.txt",
                "multiqc/200624_A00834_0183_BHMTFYDRXX_SAV_data/multiqc.log",
                "multiqc/200624_A00834_0183_BHMTFYDRXX_SAV_data/multiqc.parquet",
                "multiqc/200624_A00834_0183_BHMTFYDRXX_SAV_data/multiqc_bclconvert_bylane.txt",
                "multiqc/200624_A00834_0183_BHMTFYDRXX_SAV_data/multiqc_bclconvert_bysample.txt",
                "multiqc/200624_A00834_0183_BHMTFYDRXX_SAV_data/multiqc_citations.txt",
                "multiqc/200624_A00834_0183_BHMTFYDRXX_SAV_data/multiqc_data.json",
                "multiqc/200624_A00834_0183_BHMTFYDRXX_SAV_data/multiqc_general_stats.txt",
                "multiqc/200624_A00834_0183_BHMTFYDRXX_SAV_data/multiqc_sav.txt",
                "multiqc/200624_A00834_0183_BHMTFYDRXX_SAV_data/multiqc_sources.txt",
                "multiqc/200624_A00834_0183_BHMTFYDRXX_SAV_data/sav-intensity-vs-cycle-plot.txt",
                "multiqc/200624_A00834_0183_BHMTFYDRXX_SAV_data/sav-lane-metrics-summary-table.txt",
                "multiqc/200624_A00834_0183_BHMTFYDRXX_SAV_data/sav-pf-vs-occ-plot.txt",
                "multiqc/200624_A00834_0183_BHMTFYDRXX_SAV_data/sav-qscore-heatmap-plot.txt",
                "multiqc/200624_A00834_0183_BHMTFYDRXX_SAV_data/sav-qscore-histogram-plot.txt",
                "multiqc/200624_A00834_0183_BHMTFYDRXX_SAV_data/sav-read-metrics-summary-table.txt",
                "multiqc/200624_A00834_0183_BHMTFYDRXX_SAV_data/sav-summary-clusters-reads-lane-plot_Clusters.txt",
                "multiqc/200624_A00834_0183_BHMTFYDRXX_SAV_data/sav-summary-clusters-reads-lane-plot_Reads.txt",
                "pipeline_info",
                "pipeline_info/nf_cmgg_preprocessing_software_mqc_versions.yml",
                "test",
                "test/Sample1",
                "test/Sample1/Sample1.cram",
                "test/Sample1/Sample1.cram.crai",
                "test/Sample1/Sample1.duplicate_metrics.txt",
                "test/Sample1/Sample1.flagstat",
                "test/Sample1/Sample1.idxstats",
                "test/Sample1/Sample1.md5",
                "test/Sample1/Sample1.mosdepth.global.dist.txt",
                "test/Sample1/Sample1.mosdepth.summary.txt",
                "test/Sample1/Sample1.per-base.bed.gz",
                "test/Sample1/Sample1.per-base.bed.gz.csi",
                "test/Sample1/Sample1.quantized.bed.gz",
                "test/Sample1/Sample1.quantized.bed.gz.csi",
                "test/Sample1/Sample1_S1_L001.fastp.html",
                "test/Sample1/Sample1_S1_L001.fastp.json",
                "test/Sample2",
                "test/Sample2/Sample2_S2_L001.md5",
                "test/Sample2/Sample2_S2_L001_R1_001.fastq.gz",
                "test/Sample2/Sample2_S2_L001_fastqc_data.txt",
                "test/Sample2/Sample2_S2_L001_report.html",
                "test/Sample2/Sample2_S2_L001_summary.txt",
                "test/multiqc",
                "test/multiqc/test.html",
                "test/multiqc/test_data",
                "test/multiqc/test_data/biobambam2_deduplication.txt",
                "test/multiqc/test_data/falco-status-check-heatmap.txt",
                "test/multiqc/test_data/falco_overrepresented_sequences_plot.txt",
                "test/multiqc/test_data/falco_per_base_n_content_plot.txt",
                "test/multiqc/test_data/falco_per_base_sequence_quality_plot.txt",
                "test/multiqc/test_data/falco_per_sequence_gc_content_plot_Counts.txt",
                "test/multiqc/test_data/falco_per_sequence_gc_content_plot_Percentages.txt",
                "test/multiqc/test_data/falco_per_sequence_quality_scores_plot.txt",
                "test/multiqc/test_data/falco_sequence_counts_plot.txt",
                "test/multiqc/test_data/falco_sequence_duplication_levels_plot.txt",
                "test/multiqc/test_data/falco_top_overrepresented_sequences_table.txt",
                "test/multiqc/test_data/fastp-seq-content-gc-plot_Read_1_After_filtering.txt",
                "test/multiqc/test_data/fastp-seq-content-gc-plot_Read_1_Before_filtering.txt",
                "test/multiqc/test_data/fastp-seq-content-n-plot_Read_1_After_filtering.txt",
                "test/multiqc/test_data/fastp-seq-content-n-plot_Read_1_Before_filtering.txt",
                "test/multiqc/test_data/fastp-seq-quality-plot_Read_1_After_filtering.txt",
                "test/multiqc/test_data/fastp-seq-quality-plot_Read_1_Before_filtering.txt",
                "test/multiqc/test_data/fastp_filtered_reads_plot.txt",
                "test/multiqc/test_data/fastqc_sequence_length_distribution_plot.txt",
                "test/multiqc/test_data/llms-full.txt",
                "test/multiqc/test_data/mosdepth-coverage-per-contig-single.txt",
                "test/multiqc/test_data/mosdepth-cumcoverage-dist-id.txt",
                "test/multiqc/test_data/mosdepth_cov_dist.txt",
                "test/multiqc/test_data/mosdepth_cumcov_dist.txt",
                "test/multiqc/test_data/mosdepth_perchrom.txt",
                "test/multiqc/test_data/multiqc.log",
                "test/multiqc/test_data/multiqc.parquet",
                "test/multiqc/test_data/multiqc_biobambam2_dups.txt",
                "test/multiqc/test_data/multiqc_citations.txt",
                "test/multiqc/test_data/multiqc_data.json",
                "test/multiqc/test_data/multiqc_fastp.txt",
                "test/multiqc/test_data/multiqc_fastqc.txt",
                "test/multiqc/test_data/multiqc_general_stats.txt",
                "test/multiqc/test_data/multiqc_samtools_flagstat.txt",
                "test/multiqc/test_data/multiqc_samtools_idxstats.txt",
                "test/multiqc/test_data/multiqc_software_versions.txt",
                "test/multiqc/test_data/multiqc_sources.txt",
                "test/multiqc/test_data/samtools-flagstat-pct-table.txt",
                "test/multiqc/test_data/samtools-flagstat-table.txt",
                "test/multiqc/test_data/samtools-idxstats-mapped-reads-plot_Normalised_Counts.txt",
                "test/multiqc/test_data/samtools-idxstats-mapped-reads-plot_Observed_over_Expected_Counts.txt",
                "test/multiqc/test_data/samtools-idxstats-mapped-reads-plot_Raw_Counts.txt",
                "test_library",
                "test_library/DNA_paired1",
                "test_library/DNA_paired1/DNA1_L001.fastp.html",
                "test_library/DNA_paired1/DNA1_L001.fastp.json",
                "test_library/DNA_paired1/DNA1_L002.fastp.html",
                "test_library/DNA_paired1/DNA1_L002.fastp.json",
                "test_library/DNA_paired1/DNA_paired1.cram",
                "test_library/DNA_paired1/DNA_paired1.cram.crai",
                "test_library/DNA_paired1/DNA_paired1.duplicate_metrics.txt",
                "test_library/DNA_paired1/DNA_paired1.flagstat",
                "test_library/DNA_paired1/DNA_paired1.idxstats",
                "test_library/DNA_paired1/DNA_paired1.md5",
                "test_library/DNA_paired1/DNA_paired1.mosdepth.global.dist.txt",
                "test_library/DNA_paired1/DNA_paired1.mosdepth.summary.txt",
                "test_library/DNA_paired1/DNA_paired1.per-base.bed.gz",
                "test_library/DNA_paired1/DNA_paired1.per-base.bed.gz.csi",
                "test_library/DNA_paired1/DNA_paired1.quantized.bed.gz",
                "test_library/DNA_paired1/DNA_paired1.quantized.bed.gz.csi",
                "test_library/RNA_paired1",
                "test_library/RNA_paired1/RNA1_L001.fastp.html",
                "test_library/RNA_paired1/RNA1_L001.fastp.json",
                "test_library/RNA_paired1/RNA1_L002.fastp.html",
                "test_library/RNA_paired1/RNA1_L002.fastp.json",
                "test_library/RNA_paired1/RNA_paired1.Chimeric.out.junction",
                "test_library/RNA_paired1/RNA_paired1.SJ.out.tab",
                "test_library/RNA_paired1/RNA_paired1.cram",
                "test_library/RNA_paired1/RNA_paired1.cram.crai",
                "test_library/RNA_paired1/RNA_paired1.duplicate_metrics.txt",
                "test_library/RNA_paired1/RNA_paired1.flagstat",
                "test_library/RNA_paired1/RNA_paired1.idxstats",
                "test_library/RNA_paired1/RNA_paired1.md5",
                "test_library/RNA_paired1/RNA_paired1.mosdepth.global.dist.txt",
                "test_library/RNA_paired1/RNA_paired1.mosdepth.summary.txt",
                "test_library/RNA_paired1/RNA_paired1.per-base.bed.gz",
                "test_library/RNA_paired1/RNA_paired1.per-base.bed.gz.csi",
                "test_library/RNA_paired1/RNA_paired1.quantized.bed.gz",
                "test_library/RNA_paired1/RNA_paired1.quantized.bed.gz.csi",
                "test_library/multiqc",
                "test_library/multiqc/test_library.html",
                "test_library/multiqc/test_library_data",
                "test_library/multiqc/test_library_data/biobambam2_deduplication.txt",
                "test_library/multiqc/test_library_data/fastp-insert-size-plot.txt",
                "test_library/multiqc/test_library_data/fastp-seq-content-gc-plot_Read_1_After_filtering.txt",
                "test_library/multiqc/test_library_data/fastp-seq-content-gc-plot_Read_1_Before_filtering.txt",
                "test_library/multiqc/test_library_data/fastp-seq-content-gc-plot_Read_2_After_filtering.txt",
                "test_library/multiqc/test_library_data/fastp-seq-content-gc-plot_Read_2_Before_filtering.txt",
                "test_library/multiqc/test_library_data/fastp-seq-content-n-plot_Read_1_After_filtering.txt",
                "test_library/multiqc/test_library_data/fastp-seq-content-n-plot_Read_1_Before_filtering.txt",
                "test_library/multiqc/test_library_data/fastp-seq-content-n-plot_Read_2_After_filtering.txt",
                "test_library/multiqc/test_library_data/fastp-seq-content-n-plot_Read_2_Before_filtering.txt",
                "test_library/multiqc/test_library_data/fastp-seq-quality-plot_Read_1_After_filtering.txt",
                "test_library/multiqc/test_library_data/fastp-seq-quality-plot_Read_1_Before_filtering.txt",
                "test_library/multiqc/test_library_data/fastp-seq-quality-plot_Read_2_After_filtering.txt",
                "test_library/multiqc/test_library_data/fastp-seq-quality-plot_Read_2_Before_filtering.txt",
                "test_library/multiqc/test_library_data/fastp_filtered_reads_plot.txt",
                "test_library/multiqc/test_library_data/fgbio-groupreadsbyumi-plot_Counts.txt",
                "test_library/multiqc/test_library_data/fgbio-groupreadsbyumi-plot_Percentages.txt",
                "test_library/multiqc/test_library_data/fgbio_umi.txt",
                "test_library/multiqc/test_library_data/fgbio_umi_normed.txt",
                "test_library/multiqc/test_library_data/llms-full.txt",
                "test_library/multiqc/test_library_data/mosdepth-coverage-per-contig-single.txt",
                "test_library/multiqc/test_library_data/mosdepth-cumcoverage-dist-id.txt",
                "test_library/multiqc/test_library_data/mosdepth_cov_dist.txt",
                "test_library/multiqc/test_library_data/mosdepth_cumcov_dist.txt",
                "test_library/multiqc/test_library_data/mosdepth_perchrom.txt",
                "test_library/multiqc/test_library_data/multiqc.log",
                "test_library/multiqc/test_library_data/multiqc.parquet",
                "test_library/multiqc/test_library_data/multiqc_biobambam2_dups.txt",
                "test_library/multiqc/test_library_data/multiqc_citations.txt",
                "test_library/multiqc/test_library_data/multiqc_data.json",
                "test_library/multiqc/test_library_data/multiqc_fastp.txt",
                "test_library/multiqc/test_library_data/multiqc_general_stats.txt",
                "test_library/multiqc/test_library_data/multiqc_samtools_flagstat.txt",
                "test_library/multiqc/test_library_data/multiqc_samtools_idxstats.txt",
                "test_library/multiqc/test_library_data/multiqc_software_versions.txt",
                "test_library/multiqc/test_library_data/multiqc_sources.txt",
                "test_library/multiqc/test_library_data/samtools-flagstat-pct-table.txt",
                "test_library/multiqc/test_library_data/samtools-flagstat-table.txt",
                "test_library/multiqc/test_library_data/samtools-idxstats-mapped-reads-plot_Normalised_Counts.txt",
                "test_library/multiqc/test_library_data/samtools-idxstats-mapped-reads-plot_Observed_over_Expected_Counts.txt",
                "test_library/multiqc/test_library_data/samtools-idxstats-mapped-reads-plot_Raw_Counts.txt",
                "test_library/umi_sample",
                "test_library/umi_sample/umi_sample.fastp.html",
                "test_library/umi_sample/umi_sample.fastp.json"
            ],
            [
                "BasecallingMetricsOut.bin:md5,7fb651325cba614d497d376eaf43fef4",
                "CorrectedIntMetricsOut.bin:md5,dc8d57282ba9ece9e5fc58a92aa2ac52",
                "EmpiricalPhasingMetricsOut.bin:md5,1ef4631faf0a3a3beb31b10fc38a734d",
                "EventMetricsOut.bin:md5,dee320ce29bdadde44589aa9439f53ab",
                "ExtendedTileMetricsOut.bin:md5,f01d1a9cf8445adf719e652ad7304cf2",
                "ExtractionMetricsOut.bin:md5,972f4082ad950baaf42a6d28517d28a8",
                "FWHMGridMetricsOut.bin:md5,6e297bafcd845bfd0440d08e1bb27685",
                "ImageMetricsOut.bin:md5,ac5d1f0a1f611c0c7c9dd8e6b9e701b1",
                "IndexMetricsOut.bin:md5,6d95975d5909eb88f824e6dc8066457d",
                "OpticalModelMetricsOut.bin:md5,3eaea5fcf2d353950b1e720c73695ccb",
                "PFGridMetricsOut.bin:md5,ae469858ee96ffafbcaf3afb814bdab2",
                "QMetrics2030Out.bin:md5,438248760db58917b32f4eccc6c64c39",
                "QMetricsByLaneOut.bin:md5,e8254cb4a27846710a2a143296be2d8f",
                "QMetricsOut.bin:md5,8f6b83028a42be721200a598161ac5c6",
                "RegistrationMetricsOut.bin:md5,b5ebd957aed067b6403d851ba2ce0139",
                "TileMetricsOut.bin:md5,21388348d81fa9be326d30ef6d348464",
                "Errors.log:md5,d41d8cd98f00b204e9800998ecf8427e",
                "FastqComplete.txt:md5,1db9f604ee4c4bd412a9b8fab0f6654b",
                "Info.log:md5,9f2443b8332d41832853fb4db3a005d9",
                "Warnings.log:md5,d41d8cd98f00b204e9800998ecf8427e",
                "Adapter_Cycle_Metrics.csv:md5,9ce65d3801abd2abc61b88990cb426ca",
                "Adapter_Metrics.csv:md5,33b5b49dda5080d6439b553bf7d79e64",
                "Demultiplex_Detailed_Stats.csv:md5,dbcffbfe408240c927d3797b7766ec95",
                "Demultiplex_Stats.csv:md5,8de22e8a461e2d9fe36fc4392437ae69",
                "Demultiplex_Tile_Stats.csv:md5,be9589966a2a1ae21c63dfa63fe27e71",
                "IndexMetricsOut.bin:md5,448b938c436c62344c17e6f6b91d515d",
                "Index_Hopping_Counts.csv:md5,e2f580f5100e855777cdaf5ce208c44c",
                "Quality_Metrics.csv:md5,dd7cd6744e8f1e90021a5aef1de50876",
                "Quality_Tile_Metrics.csv:md5,42a12f0e2168942b862bca996d4609e3",
                "RunInfo.xml:md5,f283cb4600235db9261ee1e319b1407e",
                "SampleSheet.csv:md5,7e3da7b5827151fb03cd18806abbd3c5",
                "Top_Unknown_Barcodes.csv:md5,2177e2eb84fba346822d68be7d8ee12e",
                "fastq_list.csv:md5,06ecf0d1ed63132aa467911f11f41175",
                "bclconvert-lane-stats-table.txt:md5,0278253f874accc41a6a0b666410ae87",
                "bclconvert-sample-stats-table.txt:md5,c34d968366664536a5aa68b0068ca486",
                "bclconvert_lane_counts.txt:md5,38345c3429e65a444959734e8783ce9c",
                "bclconvert_sample_counts_Counts_per_lane.txt:md5,3c437458088923cdefb065db33dc9531",
                "bclconvert_sample_counts_Index_mismatches.txt:md5,8296136b6cf34b8809afc8c33c5b2f56",
                "bclconvert_undetermined.txt:md5,243b1fcc01331e9e66bd635c84b6c272",
                "llms-full.txt:md5,f59578cc668fd3436c338fc4e6ce358c",
                "multiqc.log:md5,3ea1ccaa68ad2c4066be4dd3ae303523",
                "multiqc.parquet:md5,732e927307c4b96b973e125d16ac8f24",
                "multiqc_bclconvert_bylane.txt:md5,e18a1a80a05d302c53ac270e3d6f783a",
                "multiqc_bclconvert_bysample.txt:md5,cd81e4b40cb887454eede83b8d5eb962",
                "multiqc_citations.txt:md5,4c806e63a283ec1b7e78cdae3a923d4f",
                "multiqc_data.json:md5,14a901a24a703970278441690c448d2a",
                "multiqc_general_stats.txt:md5,0355fb1e68bda46e9d6bba308db3a988",
                "multiqc_sav.txt:md5,28056766e8c9917cd1cd715b37ab3ac3",
                "multiqc_sources.txt:md5,1498244f31ef8ad83e9c3e28cfac229c",
                "sav-intensity-vs-cycle-plot.txt:md5,17b1f5cfb2d0d200ce6341483eaafc17",
                "sav-lane-metrics-summary-table.txt:md5,7759b5caa6c41701eedf7d640f5b3855",
                "sav-pf-vs-occ-plot.txt:md5,b632e7602ded52e528f29930ff949087",
                "sav-qscore-heatmap-plot.txt:md5,7c842e1152c451667ad85ab50336dd59",
                "sav-qscore-histogram-plot.txt:md5,b4e6ef0d32113e403c00ce1cf2f179dc",
                "sav-read-metrics-summary-table.txt:md5,67c8914255705ee915ef0f4c9f79851b",
                "sav-summary-clusters-reads-lane-plot_Clusters.txt:md5,455720e9c81085d102ad6328ea29b3ba",
                "sav-summary-clusters-reads-lane-plot_Reads.txt:md5,e065c617aef911133450f85afecc2779",
                "Sample1.cram:md5,cdd77af25a9bfcc68ec708396dbe1a8a",
                "Sample1.cram.crai:md5,508ce618f1b27fa242b94058da3cc6a3",
                "Sample1.duplicate_metrics.txt:md5,f23933cc5957694d2286bdae22039097",
                "Sample1.flagstat:md5,8abb0630fcee2f532b9ac15e4fdc6c77",
                "Sample1.idxstats:md5,43734d1c83501801147ca2ea3379a6bc",
                "Sample1.md5:md5,eee45aef07a2c2c7f43373aa5f6a8092",
                "Sample1.mosdepth.global.dist.txt:md5,b7b78608d80cdaa15042675c3cf8888d",
                "Sample1.mosdepth.summary.txt:md5,c11a0ccebeecb56b3ee55892ec7d7486",
                "Sample1.per-base.bed.gz:md5,165f5a06894162722046726032193fcb",
                "Sample1.per-base.bed.gz.csi:md5,835055111329aabd7813dc57bcfadddc",
                "Sample1.quantized.bed.gz:md5,ab465148e21e2bacff7a49fa652807cb",
                "Sample1.quantized.bed.gz.csi:md5,f8736a688b58f16aa3a9a323b6952d15",
                "Sample1_S1_L001.fastp.json:md5,e357d80b0f6a807db4c6e85161a18c3b",
                "Sample2_S2_L001.md5:md5,b8055417fab09fc438dcd72369fc2bb7",
                "Sample2_S2_L001_R1_001.fastq.gz:md5,c16c7de1b7bffb5e4503f4d94c40f881",
                "Sample2_S2_L001_fastqc_data.txt:md5,c13571aa49b796e89b7479fc82947c08",
                "Sample2_S2_L001_summary.txt:md5,073f0fa018f15effd822156fd4c1706a",
                "biobambam2_deduplication.txt:md5,2cf82cfdc203e9201bcaab03ff7d7f07",
                "falco-status-check-heatmap.txt:md5,b6fb54e7bd603bc87669796fac7a0bf8",
                "falco_overrepresented_sequences_plot.txt:md5,972d9d9645444e2c7cb70e867ac770cc",
                "falco_per_base_n_content_plot.txt:md5,3949f97a1a992d3b4b01567b0d4d03f7",
                "falco_per_base_sequence_quality_plot.txt:md5,31120ccff777561ada3986729e127f65",
                "falco_per_sequence_gc_content_plot_Counts.txt:md5,7a01c3ebcc8dbffcdb50b7ee6e703268",
                "falco_per_sequence_gc_content_plot_Percentages.txt:md5,acb9bb72987c4a4689ebb8139f488fe9",
                "falco_per_sequence_quality_scores_plot.txt:md5,e410842ab4cb748627dd999d3bbe05c6",
                "falco_sequence_counts_plot.txt:md5,d3089eaad41dc6f9c20b5fc49a3af926",
                "falco_sequence_duplication_levels_plot.txt:md5,0698875eb5f8bcda0f0d1b0cd4de5cbc",
                "falco_top_overrepresented_sequences_table.txt:md5,fc8b489139d2c2385254f68e67366132",
                "fastp-seq-content-gc-plot_Read_1_After_filtering.txt:md5,5be0a75d82f6fa140876ac4b2c5532fc",
                "fastp-seq-content-gc-plot_Read_1_Before_filtering.txt:md5,128ace5e2fa17e3d141d752c20e621a5",
                "fastp-seq-content-n-plot_Read_1_After_filtering.txt:md5,680424083898d2dbe7d0c4477f7de20e",
                "fastp-seq-content-n-plot_Read_1_Before_filtering.txt:md5,89a939b86eaaf351bf41cb6da175c1ae",
                "fastp-seq-quality-plot_Read_1_After_filtering.txt:md5,1f2e4f81bfb1cfed11cf144b4b1549ec",
                "fastp-seq-quality-plot_Read_1_Before_filtering.txt:md5,885d7a9ba3d4798af63a81f15be5dbdd",
                "fastp_filtered_reads_plot.txt:md5,a819de7a22585365a6abc648c62348fa",
                "fastqc_sequence_length_distribution_plot.txt:md5,c97222acdaa3fef97467ad7a00b96bdf",
                "llms-full.txt:md5,330381a97e1fa71c8f82d53020274d75",
                "mosdepth-coverage-per-contig-single.txt:md5,4e48343701bfd4b1a148bb85694b528b",
                "mosdepth-cumcoverage-dist-id.txt:md5,212b2725a7a9ffce636a6f13c13b3384",
                "mosdepth_cov_dist.txt:md5,fb09ed8fbf6b76086fcf4a8a8d499bf1",
                "mosdepth_cumcov_dist.txt:md5,fb09ed8fbf6b76086fcf4a8a8d499bf1",
                "mosdepth_perchrom.txt:md5,4e48343701bfd4b1a148bb85694b528b",
                "multiqc.log:md5,c4020dfff6ef4e38a753a16226b75057",
                "multiqc.parquet:md5,57a34cc06245a775d5daa4e22638ec23",
                "multiqc_biobambam2_dups.txt:md5,09236c4c3039ce6b01085d0e70d04dd4",
                "multiqc_citations.txt:md5,294fadee817c59c64f1b985ac204b224",
                "multiqc_data.json:md5,b6d3451f0b5b564285bcfdf6b5f4469e",
                "multiqc_fastp.txt:md5,b7d5781a60280e8f8161cfd84c9c1b26",
                "multiqc_fastqc.txt:md5,7d3d38ef0e1f04841f97305e7bcfb342",
                "multiqc_general_stats.txt:md5,32958f25dc250facf9e117490b568d91",
                "multiqc_samtools_flagstat.txt:md5,8ff0c5b96de2ff9bf03797989d5e7872",
                "multiqc_samtools_idxstats.txt:md5,e8588dd4ce39f59f5a03f5b10c6334cd",
                "multiqc_software_versions.txt:md5,780751df14735cc831c237e53d6662c5",
                "multiqc_sources.txt:md5,8252828215fc7366bc8701ca3fedf41d",
                "samtools-flagstat-pct-table.txt:md5,8b7e2b355e7b84ee1ea5b49bf6b3629f",
                "samtools-flagstat-table.txt:md5,107f7050b04978cb99fe92c58b1e547b",
                "samtools-idxstats-mapped-reads-plot_Normalised_Counts.txt:md5,52fcc2efeece6497aad511d6649aa590",
                "samtools-idxstats-mapped-reads-plot_Observed_over_Expected_Counts.txt:md5,52fcc2efeece6497aad511d6649aa590",
                "samtools-idxstats-mapped-reads-plot_Raw_Counts.txt:md5,f421ec652b5f66fb103825e6e09036ae",
                "DNA1_L001.fastp.json:md5,975c84e36e6d5e678553787809d2eec8",
                "DNA1_L002.fastp.json:md5,06d9d1518723c2cb5e4d356c13c277d0",
                "DNA_paired1.cram:md5,a9a220262b95779ce373f985ad65c3e4",
                "DNA_paired1.cram.crai:md5,7ce5863f3bc1b520d8ae527f97483187",
                "DNA_paired1.duplicate_metrics.txt:md5,e0175f144e993e549cb22883257ed4a7",
                "DNA_paired1.flagstat:md5,bd152822237fdd8ff74aa169a92ac9c2",
                "DNA_paired1.idxstats:md5,7ef1f4af42e59f9f78ebf1b79a924350",
                "DNA_paired1.md5:md5,73ab95813fbeb1f089041aa2b6ffaab2",
                "DNA_paired1.mosdepth.global.dist.txt:md5,3d1e7b261951c46a47b4ff56fe3cf5a7",
                "DNA_paired1.mosdepth.summary.txt:md5,6db4409b74aa442c4f1d134cfa0afa2e",
                "DNA_paired1.per-base.bed.gz:md5,6d0f07ec050f893d0126a526b7692672",
                "DNA_paired1.per-base.bed.gz.csi:md5,571292d6e3b60827814667872ff032f8",
                "DNA_paired1.quantized.bed.gz:md5,7c37e56192f3fca2d9923c142e171f38",
                "DNA_paired1.quantized.bed.gz.csi:md5,d9519fd2d251ae08ea3f560a79d9f9dd",
                "RNA1_L001.fastp.json:md5,eff3a87ed9e8ba5ea4ecaecac896ace4",
                "RNA1_L002.fastp.json:md5,fc4bd523f9bc2fc2b0700f74e395773d",
                "RNA_paired1.Chimeric.out.junction:md5,3e9f510a87658bbe39f0862acbb2a321",
                "RNA_paired1.SJ.out.tab:md5,4df9d620ca5b873f7ad78c8d565f6a32",
                "RNA_paired1.cram:md5,d1788ee1525a4da06f7352b89abb9b31",
                "RNA_paired1.cram.crai:md5,e0d37119b747f07202ca7b46a426bf50",
                "RNA_paired1.duplicate_metrics.txt:md5,a015bdd509ac5c6c8ab80f741c5192f0",
                "RNA_paired1.flagstat:md5,5664d47b00c4f879d21249eb329b7cc4",
                "RNA_paired1.idxstats:md5,31386771e07a3b58869ea159712a641f",
                "RNA_paired1.md5:md5,4883b911a1133e3410c8df72ed61b1a4",
                "RNA_paired1.mosdepth.global.dist.txt:md5,3c079a4c073e9360c9bc4d83420aa7f1",
                "RNA_paired1.mosdepth.summary.txt:md5,885c3df2273cc887d004681a66bf541a",
                "RNA_paired1.per-base.bed.gz:md5,53c5325a4bd9f2a8306975ad4931cbec",
                "RNA_paired1.per-base.bed.gz.csi:md5,15a15a0fa68606f29716a2c73c57e430",
                "RNA_paired1.quantized.bed.gz:md5,67b3c529a84847d3e521a5cd7766d10f",
                "RNA_paired1.quantized.bed.gz.csi:md5,b6df30b15275ba148a0c50f4868e058e",
                "biobambam2_deduplication.txt:md5,6b9c3ed6363d5a4c6e2db5f0746e8fdc",
                "fastp-insert-size-plot.txt:md5,818ad914c27f5c310ceaedca11c8f05e",
                "fastp-seq-content-gc-plot_Read_1_After_filtering.txt:md5,2c980cf51e62ef646e59abc9ef5dd7e6",
                "fastp-seq-content-gc-plot_Read_1_Before_filtering.txt:md5,091fe25a6b8669a1732f9007c3fc415e",
                "fastp-seq-content-gc-plot_Read_2_After_filtering.txt:md5,06cc3b7e96ce20be5a862ca76fe8fc49",
                "fastp-seq-content-gc-plot_Read_2_Before_filtering.txt:md5,49e1317e71e4e6b2205133904aecd23b",
                "fastp-seq-content-n-plot_Read_1_After_filtering.txt:md5,847b5031a84d814b1c7baeac4223dc76",
                "fastp-seq-content-n-plot_Read_1_Before_filtering.txt:md5,04d41cf2b010ef303dd63d8d5fae0aa4",
                "fastp-seq-content-n-plot_Read_2_After_filtering.txt:md5,639f14608d51e0652944fda25d661cef",
                "fastp-seq-content-n-plot_Read_2_Before_filtering.txt:md5,8c0ce01d2215a66740af57d4a1aba002",
                "fastp-seq-quality-plot_Read_1_After_filtering.txt:md5,aa79e0b144cea6caf20debb0f1acf343",
                "fastp-seq-quality-plot_Read_1_Before_filtering.txt:md5,2cc09b76f23972a4ce8a4190a82e4f9b",
                "fastp-seq-quality-plot_Read_2_After_filtering.txt:md5,63b05e041b943f4683c6779130aa46fa",
                "fastp-seq-quality-plot_Read_2_Before_filtering.txt:md5,71f9c43d282b8c7670e8e2eeb8d70a7a",
                "fastp_filtered_reads_plot.txt:md5,1fc1c75660120735a41a00c9546ababb",
                "fgbio-groupreadsbyumi-plot_Counts.txt:md5,94394dbf262604c1727ee2f86664e664",
                "fgbio-groupreadsbyumi-plot_Percentages.txt:md5,3bb387ba6217b41f02324198b063748d",
                "fgbio_umi.txt:md5,25c64b500f29f07f54a41a0b81020b0c",
                "fgbio_umi_normed.txt:md5,9d131a080ee4e00ec6e34c2f46cdc599",
                "llms-full.txt:md5,aa6a58846fbfd8067dbc15eb1d7dff25",
                "mosdepth-coverage-per-contig-single.txt:md5,925b052d556c6304495be64262069276",
                "mosdepth-cumcoverage-dist-id.txt:md5,a6aa166f88e47d8be1cb057e2743ac10",
                "mosdepth_cov_dist.txt:md5,eb910fa9d46d10881c46672e5fa5d858",
                "mosdepth_cumcov_dist.txt:md5,eb910fa9d46d10881c46672e5fa5d858",
                "mosdepth_perchrom.txt:md5,925b052d556c6304495be64262069276",
                "multiqc.log:md5,9e0bc3476c9014f130beccd71e6fc14e",
                "multiqc.parquet:md5,714c36e3a6217ef5d6910295c15fcc62",
                "multiqc_biobambam2_dups.txt:md5,0a4f6b7d3c540fae81beaf567d08d6f3",
                "multiqc_citations.txt:md5,294fadee817c59c64f1b985ac204b224",
                "multiqc_data.json:md5,ba058a822fdb59bc851e130f3bd2cd64",
                "multiqc_fastp.txt:md5,91e3fedf34f362238f13347bdadde4ac",
                "multiqc_general_stats.txt:md5,b0338ecc95d8ddf323067157e520d037",
                "multiqc_samtools_flagstat.txt:md5,5082b120120c24ae05b5621934f6eee1",
                "multiqc_samtools_idxstats.txt:md5,b6ad6d92f6de736271d351b281011a77",
                "multiqc_software_versions.txt:md5,d21e5616102cbc12aed63577eed8f830",
                "multiqc_sources.txt:md5,2c4c7558282321464bea30749182b1e9",
                "samtools-flagstat-pct-table.txt:md5,aae7e153fe608696cedf023e26014678",
                "samtools-flagstat-table.txt:md5,f83600e30e25206609d719caf8f616b7",
                "samtools-idxstats-mapped-reads-plot_Normalised_Counts.txt:md5,a8c12157b5db6cc538db8860dcea62a0",
                "samtools-idxstats-mapped-reads-plot_Observed_over_Expected_Counts.txt:md5,a8c12157b5db6cc538db8860dcea62a0",
                "samtools-idxstats-mapped-reads-plot_Raw_Counts.txt:md5,d541099ed71b9fcabf60e2523b921b2d",
                "umi_sample.fastp.json:md5,b043c5f7b4fd5494bea298c3a815723d"
            ]
        ],
        "timestamp": "2026-09-23T14:01:31.754842",
        "meta": {
            "nf-test": "0.9.5",
            "nextflow": "26.04.6"
        }
    }
}