{
    "fastq align rna - star": {
        "content": [
            {
                "bam": [
                    [
                        {
                            "genome": {
                                "fai": "s3://test-data/genomics/homo_sapiens/genome/seq/GCA_000001405.15_GRCh38_full_plus_hs38d1_analysis_set_chr21.fna.fai",
                                "fasta": "s3://test-data/genomics/homo_sapiens/genome/seq/GCA_000001405.15_GRCh38_full_plus_hs38d1_analysis_set_chr21.fna"
                            },
                            "id": "test",
                            "sample_type": "RNA",
                            "samplename": "test",
                            "single_end": false
                        },
                        "test.star.Aligned.out.bam:md5Reads,724a968d8a0eb92e5a03a51037c994a0"
                    ]
                ],
                "junctions": [
                    [
                        {
                            "groupSize": 1,
                            "groupTarget": {
                                "genome": {
                                    "fai": "s3://test-data/genomics/homo_sapiens/genome/seq/GCA_000001405.15_GRCh38_full_plus_hs38d1_analysis_set_chr21.fna.fai",
                                    "fasta": "s3://test-data/genomics/homo_sapiens/genome/seq/GCA_000001405.15_GRCh38_full_plus_hs38d1_analysis_set_chr21.fna"
                                },
                                "id": "test",
                                "sample_type": "RNA",
                                "samplename": "test",
                                "single_end": false
                            }
                        },
                        "test.Chimeric.out.junction"
                    ]
                ],
                "reports": [
                    [
                        {
                            "genome": {
                                "fai": "s3://test-data/genomics/homo_sapiens/genome/seq/GCA_000001405.15_GRCh38_full_plus_hs38d1_analysis_set_chr21.fna.fai",
                                "fasta": "s3://test-data/genomics/homo_sapiens/genome/seq/GCA_000001405.15_GRCh38_full_plus_hs38d1_analysis_set_chr21.fna"
                            },
                            "id": "test",
                            "sample_type": "RNA",
                            "samplename": "test",
                            "single_end": false
                        },
                        "test.star.Log.final.out"
                    ],
                    [
                        {
                            "genome": {
                                "fai": "s3://test-data/genomics/homo_sapiens/genome/seq/GCA_000001405.15_GRCh38_full_plus_hs38d1_analysis_set_chr21.fna.fai",
                                "fasta": "s3://test-data/genomics/homo_sapiens/genome/seq/GCA_000001405.15_GRCh38_full_plus_hs38d1_analysis_set_chr21.fna"
                            },
                            "id": "test",
                            "sample_type": "RNA",
                            "samplename": "test",
                            "single_end": false
                        },
                        "test.star.Log.out"
                    ],
                    [
                        {
                            "genome": {
                                "fai": "s3://test-data/genomics/homo_sapiens/genome/seq/GCA_000001405.15_GRCh38_full_plus_hs38d1_analysis_set_chr21.fna.fai",
                                "fasta": "s3://test-data/genomics/homo_sapiens/genome/seq/GCA_000001405.15_GRCh38_full_plus_hs38d1_analysis_set_chr21.fna"
                            },
                            "id": "test",
                            "sample_type": "RNA",
                            "samplename": "test",
                            "single_end": false
                        },
                        "test.star.Log.progress.out"
                    ]
                ],
                "splice_junctions": [
                    [
                        {
                            "groupSize": 1,
                            "groupTarget": {
                                "genome": {
                                    "fai": "s3://test-data/genomics/homo_sapiens/genome/seq/GCA_000001405.15_GRCh38_full_plus_hs38d1_analysis_set_chr21.fna.fai",
                                    "fasta": "s3://test-data/genomics/homo_sapiens/genome/seq/GCA_000001405.15_GRCh38_full_plus_hs38d1_analysis_set_chr21.fna"
                                },
                                "id": "test",
                                "sample_type": "RNA",
                                "samplename": "test",
                                "single_end": false
                            }
                        },
                        "test.SJ.out.tab:md5,15852c5678c04e86dcb66793b7e02bb9"
                    ]
                ]
            }
        ],
        "timestamp": "2026-09-10T08:35:39.186811",
        "meta": {
            "nf-test": "0.9.5",
            "nextflow": "26.04.6"
        }
    },
    "fastq align rna - unknown aligner": {
        "content": [
            [
                "Unsupported aligner woop for sample test"
            ]
        ],
        "timestamp": "2024-05-28T16:17:08.089796673",
        "meta": {
            "nf-test": "0.8.4",
            "nextflow": "24.04.1"
        }
    }
}