{
    "fastq align rna - star": {
        "content": [
            {
                "bam": [
                    [
                        {
                            "genome": {
                                "fai": "s3://test-data/genomics/homo_sapiens/genome/seq/GCA_000001405.15_GRCh38_full_plus_hs38d1_analysis_set_chr21.fna.fai",
                                "fasta": "s3://test-data/genomics/homo_sapiens/genome/seq/GCA_000001405.15_GRCh38_full_plus_hs38d1_analysis_set_chr21.fna"
                            },
                            "id": "test",
                            "sample_type": "RNA",
                            "samplename": "test",
                            "single_end": false
                        },
                        "test.star.Aligned.out.bam"
                    ]
                ],
                "junctions": [
                    [
                        {
                            "groupSize": 1,
                            "groupTarget": {
                                "genome": {
                                    "fai": "s3://test-data/genomics/homo_sapiens/genome/seq/GCA_000001405.15_GRCh38_full_plus_hs38d1_analysis_set_chr21.fna.fai",
                                    "fasta": "s3://test-data/genomics/homo_sapiens/genome/seq/GCA_000001405.15_GRCh38_full_plus_hs38d1_analysis_set_chr21.fna"
                                },
                                "id": "test",
                                "sample_type": "RNA",
                                "samplename": "test",
                                "single_end": false
                            }
                        },
                        "test.Chimeric.out.junction"
                    ]
                ],
                "reports": [
                    [
                        {
                            "genome": {
                                "fai": "s3://test-data/genomics/homo_sapiens/genome/seq/GCA_000001405.15_GRCh38_full_plus_hs38d1_analysis_set_chr21.fna.fai",
                                "fasta": "s3://test-data/genomics/homo_sapiens/genome/seq/GCA_000001405.15_GRCh38_full_plus_hs38d1_analysis_set_chr21.fna"
                            },
                            "id": "test",
                            "sample_type": "RNA",
                            "samplename": "test",
                            "single_end": false
                        },
                        "test.star.Log.final.out"
                    ],
                    [
                        {
                            "genome": {
                                "fai": "s3://test-data/genomics/homo_sapiens/genome/seq/GCA_000001405.15_GRCh38_full_plus_hs38d1_analysis_set_chr21.fna.fai",
                                "fasta": "s3://test-data/genomics/homo_sapiens/genome/seq/GCA_000001405.15_GRCh38_full_plus_hs38d1_analysis_set_chr21.fna"
                            },
                            "id": "test",
                            "sample_type": "RNA",
                            "samplename": "test",
                            "single_end": false
                        },
                        "test.star.Log.out"
                    ],
                    [
                        {
                            "genome": {
                                "fai": "s3://test-data/genomics/homo_sapiens/genome/seq/GCA_000001405.15_GRCh38_full_plus_hs38d1_analysis_set_chr21.fna.fai",
                                "fasta": "s3://test-data/genomics/homo_sapiens/genome/seq/GCA_000001405.15_GRCh38_full_plus_hs38d1_analysis_set_chr21.fna"
                            },
                            "id": "test",
                            "sample_type": "RNA",
                            "samplename": "test",
                            "single_end": false
                        },
                        "test.star.Log.progress.out"
                    ]
                ],
                "splice_junctions": [
                    [
                        {
                            "groupSize": 1,
                            "groupTarget": {
                                "id": "test",
                                "samplename": "test",
                                "single_end": false,
                                "sample_type": "RNA",
                                "genome": {
                                    "fasta": "s3://test-data/genomics/homo_sapiens/genome/seq/GCA_000001405.15_GRCh38_full_plus_hs38d1_analysis_set_chr21.fna",
                                    "fai": "s3://test-data/genomics/homo_sapiens/genome/seq/GCA_000001405.15_GRCh38_full_plus_hs38d1_analysis_set_chr21.fna.fai"
                                }
                            }
                        },
                        "test.SJ.out.tab:md5,15852c5678c04e86dcb66793b7e02bb9"
                    ]
                ],
                "versions": [
                    "versions.yml:md5,a08c174f2d393f0b39c2cfe003ffafb9",
                    "versions.yml:md5,e0beb4fb46280de51c432ed766a0cdb2",
                    "versions.yml:md5,e1135512a195d12c4b6aaadd8e84dcf6"
                ]
            }
        ],
        "meta": {
            "nf-test": "0.9.2",
            "nextflow": "25.10.2"
        },
        "timestamp": "2025-12-17T16:44:58.048883426"
    },
    "fastq align rna - unknown aligner": {
        "content": [
            [
                "Unsupported aligner woop for sample test"
            ]
        ],
        "meta": {
            "nf-test": "0.8.4",
            "nextflow": "24.04.1"
        },
        "timestamp": "2024-05-28T16:17:08.089796673"
    }
}
