{
    "umi consensus test": {
        "content": [
            {
                "bam": [
                    [
                        {
                            "groupSize": 1,
                            "groupTarget": {
                                "id": "test",
                                "samplename": "test",
                                "single_end": false,
                                "sample_type": "DNA",
                                "markdup": "bamsormadup",
                                "fgumi_simplex_min_reads": 1,
                                "fgumi_snap_ignore_mismatched_pairs": false,
                                "genome_data": {
                                    "snap": "s3://test-data/genomics/homo_sapiens/genome/snap/",
                                    "fasta": "s3://test-data/genomics/homo_sapiens/genome/seq/GCA_000001405.15_GRCh38_full_plus_hs38d1_analysis_set_chr21.fna",
                                    "fai": "s3://test-data/genomics/homo_sapiens/genome/seq/GCA_000001405.15_GRCh38_full_plus_hs38d1_analysis_set_chr21.fna.fai",
                                    "dict": "s3://test-data/genomics/homo_sapiens/genome/seq/GCA_000001405.15_GRCh38_full_plus_hs38d1_analysis_set_chr21.dict"
                                }
                            }
                        },
                        "test.fgumi.bam:md5,c4a33382a1fb8a6361d23928359d672f",
                        "test.fgumi.bam.bai:md5,0d76977b2e36046cc176112776c5fa4e"
                    ]
                ],
                "consensus_metrics": [
                    [
                        {
                            "groupSize": 1,
                            "groupTarget": {
                                "id": "test",
                                "samplename": "test",
                                "single_end": false,
                                "sample_type": "DNA",
                                "markdup": "bamsormadup",
                                "fgumi_simplex_min_reads": 1,
                                "fgumi_snap_ignore_mismatched_pairs": false,
                                "genome_data": {
                                    "snap": "s3://test-data/genomics/homo_sapiens/genome/snap/",
                                    "fasta": "s3://test-data/genomics/homo_sapiens/genome/seq/GCA_000001405.15_GRCh38_full_plus_hs38d1_analysis_set_chr21.fna",
                                    "fai": "s3://test-data/genomics/homo_sapiens/genome/seq/GCA_000001405.15_GRCh38_full_plus_hs38d1_analysis_set_chr21.fna.fai",
                                    "dict": "s3://test-data/genomics/homo_sapiens/genome/seq/GCA_000001405.15_GRCh38_full_plus_hs38d1_analysis_set_chr21.dict"
                                }
                            }
                        },
                        "test.fgumi.simplex.stats.txt:md5,8729c0587ff37d0e71b466c694bc62e4"
                    ]
                ],
                "family_size_histogram": [
                    [
                        {
                            "groupSize": 1,
                            "groupTarget": {
                                "id": "test",
                                "samplename": "test",
                                "single_end": false,
                                "sample_type": "DNA",
                                "markdup": "bamsormadup",
                                "fgumi_simplex_min_reads": 1,
                                "fgumi_snap_ignore_mismatched_pairs": false,
                                "genome_data": {
                                    "snap": "s3://test-data/genomics/homo_sapiens/genome/snap/",
                                    "fasta": "s3://test-data/genomics/homo_sapiens/genome/seq/GCA_000001405.15_GRCh38_full_plus_hs38d1_analysis_set_chr21.fna",
                                    "fai": "s3://test-data/genomics/homo_sapiens/genome/seq/GCA_000001405.15_GRCh38_full_plus_hs38d1_analysis_set_chr21.fna.fai",
                                    "dict": "s3://test-data/genomics/homo_sapiens/genome/seq/GCA_000001405.15_GRCh38_full_plus_hs38d1_analysis_set_chr21.dict"
                                }
                            }
                        },
                        "test.fgumi.group.family_size_histogram.txt:md5,d41d8cd98f00b204e9800998ecf8427e"
                    ]
                ],
                "filtering_metrics": [
                    [
                        {
                            "groupSize": 1,
                            "groupTarget": {
                                "id": "test",
                                "samplename": "test",
                                "single_end": false,
                                "sample_type": "DNA",
                                "markdup": "bamsormadup",
                                "fgumi_simplex_min_reads": 1,
                                "fgumi_snap_ignore_mismatched_pairs": false,
                                "genome_data": {
                                    "snap": "s3://test-data/genomics/homo_sapiens/genome/snap/",
                                    "fasta": "s3://test-data/genomics/homo_sapiens/genome/seq/GCA_000001405.15_GRCh38_full_plus_hs38d1_analysis_set_chr21.fna",
                                    "fai": "s3://test-data/genomics/homo_sapiens/genome/seq/GCA_000001405.15_GRCh38_full_plus_hs38d1_analysis_set_chr21.fna.fai",
                                    "dict": "s3://test-data/genomics/homo_sapiens/genome/seq/GCA_000001405.15_GRCh38_full_plus_hs38d1_analysis_set_chr21.dict"
                                }
                            }
                        },
                        "test.fgumi.filter.stats.txt:md5,88b8f839f5e05e7944504f526949763c"
                    ]
                ],
                "grouping_metrics": [
                    [
                        {
                            "groupSize": 1,
                            "groupTarget": {
                                "id": "test",
                                "samplename": "test",
                                "single_end": false,
                                "sample_type": "DNA",
                                "markdup": "bamsormadup",
                                "fgumi_simplex_min_reads": 1,
                                "fgumi_snap_ignore_mismatched_pairs": false,
                                "genome_data": {
                                    "snap": "s3://test-data/genomics/homo_sapiens/genome/snap/",
                                    "fasta": "s3://test-data/genomics/homo_sapiens/genome/seq/GCA_000001405.15_GRCh38_full_plus_hs38d1_analysis_set_chr21.fna",
                                    "fai": "s3://test-data/genomics/homo_sapiens/genome/seq/GCA_000001405.15_GRCh38_full_plus_hs38d1_analysis_set_chr21.fna.fai",
                                    "dict": "s3://test-data/genomics/homo_sapiens/genome/seq/GCA_000001405.15_GRCh38_full_plus_hs38d1_analysis_set_chr21.dict"
                                }
                            }
                        },
                        "test.fgumi.group.grouping_metrics.txt:md5,b177c7de45cf25495c61f7bced9d8416"
                    ]
                ]
            }
        ],
        "timestamp": "2026-07-15T15:59:40.968881197",
        "meta": {
            "nf-test": "0.9.5",
            "nextflow": "26.04.4"
        }
    }
}