{
    "test": {
        "content": [
            {
                "regiondist": [
                    [
                        {
                            "id": "test",
                            "single_end": false
                        },
                        "test_genelist_chr21_per_exon.mosdepth.region.dist.txt:md5,b29a7f12cef3be13215923edf6dde674"
                    ]
                ],
                "versions_bedtools": [
                    [
                        "PANELCOVERAGE",
                        "bedtools",
                        "2.31.1"
                    ]
                ],
                "versions_cmgg_genelists": [
                    [
                        "PANELCOVERAGE",
                        "cmgg_genelists",
                        "0.1.0"
                    ]
                ]
            },
            {
                
            }
        ],
        "timestamp": "2026-09-08T11:33:14.358385",
        "meta": {
            "nf-test": "0.9.5",
            "nextflow": "26.04.6"
        }
    }
}