{
    "test": {
        "content": [
            {
                "0": [
                    [
                        {
                            "id": "test",
                            "single_end": false
                        },
                        "test_genelist_chr21_per_exon.mosdepth.region.dist.txt:md5,b29a7f12cef3be13215923edf6dde674"
                    ]
                ],
                "1": [
                    "versions.yml:md5,2452395e283f5046f40bee1d26a09121"
                ],
                "regiondist": [
                    [
                        {
                            "id": "test",
                            "single_end": false
                        },
                        "test_genelist_chr21_per_exon.mosdepth.region.dist.txt:md5,b29a7f12cef3be13215923edf6dde674"
                    ]
                ],
                "versions": [
                    "versions.yml:md5,2452395e283f5046f40bee1d26a09121"
                ]
            }
        ],
        "meta": {
            "nf-test": "0.8.4",
            "nextflow": "23.10.1"
        },
        "timestamp": "2024-04-12T14:47:04.895941"
    }
}