{
    "test": {
        "content": [
            {
                "0": [
                    [
                        {
                            "id": "test",
                            "single_end": false
                        },
                        "test_genelist_chr21_per_exon.mosdepth.region.dist.txt:md5,b29a7f12cef3be13215923edf6dde674"
                    ]
                ],
                "1": [
                    [
                        "PANELCOVERAGE",
                        "cmgg_genelists",
                        "0.1.0"
                    ]
                ],
                "2": [
                    [
                        "PANELCOVERAGE",
                        "bedtools",
                        "2.31.1"
                    ]
                ],
                "regiondist": [
                    [
                        {
                            "id": "test",
                            "single_end": false
                        },
                        "test_genelist_chr21_per_exon.mosdepth.region.dist.txt:md5,b29a7f12cef3be13215923edf6dde674"
                    ]
                ],
                "versions_bedtools": [
                    [
                        "PANELCOVERAGE",
                        "bedtools",
                        "2.31.1"
                    ]
                ],
                "versions_cmgg_genelists": [
                    [
                        "PANELCOVERAGE",
                        "cmgg_genelists",
                        "0.1.0"
                    ]
                ]
            }
        ],
        "meta": {
            "nf-test": "0.9.3",
            "nextflow": "25.10.4"
        },
        "timestamp": "2026-02-11T19:45:02.994288"
    }
}