{
    "Bam QC - HSmetrics": {
        "content": [
            {
                "picard_hsmetrics": [
                    [
                        {
                            "id": "test",
                            "single_end": false
                        },
                        "test.CollectHsMetrics.coverage_metrics"
                    ]
                ],
                "picard_multiplemetrics": [
                    [
                        {
                            "id": "test",
                            "single_end": false
                        },
                        [
                            "test.CollectMultipleMetrics.alignment_summary_metrics",
                            "test.CollectMultipleMetrics.base_distribution_by_cycle_metrics",
                            "test.CollectMultipleMetrics.insert_size_metrics",
                            "test.CollectMultipleMetrics.quality_by_cycle_metrics",
                            "test.CollectMultipleMetrics.quality_distribution_metrics"
                        ]
                    ]
                ],
                "picard_multiplemetrics_pdf": [
                    [
                        {
                            "id": "test",
                            "single_end": false
                        },
                        [
                            "test.CollectMultipleMetrics.base_distribution_by_cycle.pdf",
                            "test.CollectMultipleMetrics.insert_size_histogram.pdf",
                            "test.CollectMultipleMetrics.quality_by_cycle.pdf",
                            "test.CollectMultipleMetrics.quality_distribution.pdf",
                            "test.CollectMultipleMetrics.read_length_histogram.pdf"
                        ]
                    ]
                ],
                "picard_wgsmetrics": [
                    
                ],
                "samtools_flagstat": [
                    [
                        {
                            "id": "test",
                            "single_end": false
                        },
                        "test.flagstat:md5,167e69b479663a15194ddf56cbc9e60e"
                    ]
                ],
                "samtools_idxstats": [
                    [
                        {
                            "id": "test",
                            "single_end": false
                        },
                        "test.idxstats:md5,081d0431383fb7ea6b51b7077c6ec93c"
                    ]
                ],
                "samtools_stats": [
                    [
                        {
                            "id": "test",
                            "single_end": false
                        },
                        "test.stats:md5,3535d8d302e61ca0d77ac718db8309f1"
                    ]
                ],
                "versions": [
                    "versions.yml:md5,15389a9f97668f320b9628da1903a93b",
                    "versions.yml:md5,3fa45af2ff85005c0421d10e0b686bb5",
                    "versions.yml:md5,593804078c060457d011f7f6b650e500",
                    "versions.yml:md5,f5507938ec419f55239e3faa9f99376f"
                ]
            }
        ],
        "meta": {
            "nf-test": "0.9.3",
            "nextflow": "25.10.2"
        },
        "timestamp": "2025-12-02T12:48:55.096074"
    },
    "Bam QC - Samtools": {
        "content": [
            {
                "picard_hsmetrics": [
                    
                ],
                "picard_multiplemetrics": [
                    
                ],
                "picard_multiplemetrics_pdf": [
                    
                ],
                "picard_wgsmetrics": [
                    
                ],
                "samtools_flagstat": [
                    [
                        {
                            "id": "test",
                            "single_end": false
                        },
                        "test.flagstat:md5,167e69b479663a15194ddf56cbc9e60e"
                    ]
                ],
                "samtools_idxstats": [
                    [
                        {
                            "id": "test",
                            "single_end": false
                        },
                        "test.idxstats:md5,081d0431383fb7ea6b51b7077c6ec93c"
                    ]
                ],
                "samtools_stats": [
                    [
                        {
                            "id": "test",
                            "single_end": false
                        },
                        "test.stats:md5,3535d8d302e61ca0d77ac718db8309f1"
                    ]
                ],
                "versions": [
                    "versions.yml:md5,15389a9f97668f320b9628da1903a93b",
                    "versions.yml:md5,3fa45af2ff85005c0421d10e0b686bb5"
                ]
            }
        ],
        "meta": {
            "nf-test": "0.9.3",
            "nextflow": "25.10.2"
        },
        "timestamp": "2025-12-02T12:50:04.027873"
    },
    "Bam QC - WGSmetrics": {
        "content": [
            {
                "picard_hsmetrics": [
                    
                ],
                "picard_multiplemetrics": [
                    [
                        {
                            "id": "test",
                            "single_end": false
                        },
                        [
                            "test.CollectMultipleMetrics.alignment_summary_metrics",
                            "test.CollectMultipleMetrics.base_distribution_by_cycle_metrics",
                            "test.CollectMultipleMetrics.insert_size_metrics",
                            "test.CollectMultipleMetrics.quality_by_cycle_metrics",
                            "test.CollectMultipleMetrics.quality_distribution_metrics"
                        ]
                    ]
                ],
                "picard_multiplemetrics_pdf": [
                    [
                        {
                            "id": "test",
                            "single_end": false
                        },
                        [
                            "test.CollectMultipleMetrics.base_distribution_by_cycle.pdf",
                            "test.CollectMultipleMetrics.insert_size_histogram.pdf",
                            "test.CollectMultipleMetrics.quality_by_cycle.pdf",
                            "test.CollectMultipleMetrics.quality_distribution.pdf",
                            "test.CollectMultipleMetrics.read_length_histogram.pdf"
                        ]
                    ]
                ],
                "picard_wgsmetrics": [
                    [
                        {
                            "id": "test",
                            "single_end": false
                        },
                        "test.CollectWgsMetrics.coverage_metrics"
                    ]
                ],
                "samtools_flagstat": [
                    [
                        {
                            "id": "test",
                            "single_end": false
                        },
                        "test.flagstat:md5,167e69b479663a15194ddf56cbc9e60e"
                    ]
                ],
                "samtools_idxstats": [
                    [
                        {
                            "id": "test",
                            "single_end": false
                        },
                        "test.idxstats:md5,081d0431383fb7ea6b51b7077c6ec93c"
                    ]
                ],
                "samtools_stats": [
                    [
                        {
                            "id": "test",
                            "single_end": false
                        },
                        "test.stats:md5,3535d8d302e61ca0d77ac718db8309f1"
                    ]
                ],
                "versions": [
                    "versions.yml:md5,15389a9f97668f320b9628da1903a93b",
                    "versions.yml:md5,3d2d9acb75406ea94b547be23a45601b",
                    "versions.yml:md5,3fa45af2ff85005c0421d10e0b686bb5",
                    "versions.yml:md5,f5507938ec419f55239e3faa9f99376f"
                ]
            }
        ],
        "meta": {
            "nf-test": "0.9.3",
            "nextflow": "25.10.2"
        },
        "timestamp": "2025-12-02T12:49:52.298773"
    }
}