{
    "Bam QC - HSmetrics": {
        "content": [
            {
                "picard_hsmetrics": [
                    
                ],
                "picard_multiplemetrics": [
                    
                ],
                "picard_multiplemetrics_pdf": [
                    
                ],
                "picard_wgsmetrics": [
                    
                ],
                "samtools_flagstat": [
                    [
                        {
                            "id": "test",
                            "single_end": false,
                            "disable_picard_metrics": false
                        },
                        "test.flagstat:md5,167e69b479663a15194ddf56cbc9e60e"
                    ]
                ],
                "samtools_idxstats": [
                    [
                        {
                            "id": "test",
                            "single_end": false,
                            "disable_picard_metrics": false
                        },
                        "test.idxstats:md5,081d0431383fb7ea6b51b7077c6ec93c"
                    ]
                ],
                "samtools_stats": [
                    [
                        {
                            "id": "test",
                            "single_end": false,
                            "disable_picard_metrics": false
                        },
                        "test.stats:md5,3535d8d302e61ca0d77ac718db8309f1"
                    ]
                ],
                "versions": [
                    "versions.yml:md5,15389a9f97668f320b9628da1903a93b",
                    "versions.yml:md5,3fa45af2ff85005c0421d10e0b686bb5"
                ]
            }
        ],
        "meta": {
            "nf-test": "0.9.3",
            "nextflow": "25.10.3"
        },
        "timestamp": "2026-02-10T19:21:23.498543"
    },
    "Bam QC - Samtools": {
        "content": [
            {
                "picard_hsmetrics": [
                    
                ],
                "picard_multiplemetrics": [
                    
                ],
                "picard_multiplemetrics_pdf": [
                    
                ],
                "picard_wgsmetrics": [
                    
                ],
                "samtools_flagstat": [
                    [
                        {
                            "id": "test",
                            "single_end": false
                        },
                        "test.flagstat:md5,167e69b479663a15194ddf56cbc9e60e"
                    ]
                ],
                "samtools_idxstats": [
                    [
                        {
                            "id": "test",
                            "single_end": false
                        },
                        "test.idxstats:md5,081d0431383fb7ea6b51b7077c6ec93c"
                    ]
                ],
                "samtools_stats": [
                    [
                        {
                            "id": "test",
                            "single_end": false
                        },
                        "test.stats:md5,3535d8d302e61ca0d77ac718db8309f1"
                    ]
                ],
                "versions": [
                    "versions.yml:md5,15389a9f97668f320b9628da1903a93b",
                    "versions.yml:md5,3fa45af2ff85005c0421d10e0b686bb5"
                ]
            }
        ],
        "meta": {
            "nf-test": "0.9.3",
            "nextflow": "25.10.2"
        },
        "timestamp": "2025-12-02T12:50:04.027873"
    },
    "Bam QC - WGSmetrics": {
        "content": [
            {
                "picard_hsmetrics": [
                    
                ],
                "picard_multiplemetrics": [
                    
                ],
                "picard_multiplemetrics_pdf": [
                    
                ],
                "picard_wgsmetrics": [
                    
                ],
                "samtools_flagstat": [
                    [
                        {
                            "id": "test",
                            "single_end": false,
                            "disable_picard_metrics": false
                        },
                        "test.flagstat:md5,167e69b479663a15194ddf56cbc9e60e"
                    ]
                ],
                "samtools_idxstats": [
                    [
                        {
                            "id": "test",
                            "single_end": false,
                            "disable_picard_metrics": false
                        },
                        "test.idxstats:md5,081d0431383fb7ea6b51b7077c6ec93c"
                    ]
                ],
                "samtools_stats": [
                    [
                        {
                            "id": "test",
                            "single_end": false,
                            "disable_picard_metrics": false
                        },
                        "test.stats:md5,3535d8d302e61ca0d77ac718db8309f1"
                    ]
                ],
                "versions": [
                    "versions.yml:md5,15389a9f97668f320b9628da1903a93b",
                    "versions.yml:md5,3fa45af2ff85005c0421d10e0b686bb5"
                ]
            }
        ],
        "meta": {
            "nf-test": "0.9.3",
            "nextflow": "25.10.3"
        },
        "timestamp": "2026-02-10T19:25:10.626677"
    }
}